2026-03-01T11:49:53.4958394Z,Updating submodules.,fbae7282-add3-4c18-b8c9-915faf004f63,0
2026-03-01T11:49:54.6047417Z,Preparing deployment for commit id '2d787842-2'.,b576253b-76a0-484e-a64d-cb0102578241,0
2026-03-01T11:49:54.9404747Z,PreDeployment: context.CleanOutputPath False,94d712ee-01da-4e91-a7f3-15e20a38b3fc,0
2026-03-01T11:49:55.0715439Z,PreDeployment: context.OutputPath /home/site/wwwroot,5dea4fb9-8e2b-4d88-b046-e1472aafd963,0
2026-03-01T11:49:55.1926300Z,Generating deployment script.,7d115458-e500-456f-941b-e97877f03285,0
2026-03-01T11:49:55.3020505Z,NodeProjectOptimizer Initialized with repository path: /tmp/zipdeploy/extracted and output path: /home/site/wwwroot ,931a67f8-f8ce-4440-b6a0-41ebb2e4645c,0
2026-03-01T11:49:55.4268754Z,Optimizing build...,a3c5bbbb-1e16-4387-8848-84b539aa3ad2,0
2026-03-01T11:49:55.5598311Z,Zipping node_modules...,71915f97-a2ac-4f32-b84e-2f8bbd908301,0
	2026-03-01T11:49:55.5652454Z,Command: /opt/Kudu/Scripts/absoluteTar.sh /tmp/zipdeploy/extracted/node_modules /tmp/zipdeploy/extracted/node_modules.tar.gz,,0
	2026-03-01T11:50:03.8103984Z,Zipped /tmp/zipdeploy/extracted/node_modules to /tmp/zipdeploy/extracted/node_modules.tar.gz done successfully,,0
2026-03-01T11:50:04.0406776Z,Zipped Node Modules to /tmp/zipdeploy/extracted/node_modules.tar.gz,ec71f47f-710f-4b26-b920-a5e0e75a6a34,0
2026-03-01T11:50:04.2690462Z,Express Node Deploy: Running rsync...,03e36268-57e6-4677-8927-c129b81a7f76,0
	2026-03-01T11:50:04.2874306Z,Command: /opt/Kudu/Scripts/parallel_rsync.sh /tmp/zipdeploy/extracted /home/site/wwwroot 8 /tmp/ False True node_modules ,,0
	2026-03-01T11:50:04.5753382Z,Run rsync from: /tmp/zipdeploy/extracted/ to: /home/site/wwwroot/ in 8 parallel threads,,0
	2026-03-01T11:50:04.6173796Z,Delete options: clean=False&comma; use manifest=True&comma; directory to ignore=node_modules,,0
	2026-03-01T11:50:04.6855538Z,Prev manifest = /home/site/deployments/bbc19d25-da6d-4bd8-bf62-3759cb763963/manifest and next /home/site/deployments/2d787842-2fdd-4a13-8ef9-36d7cd35415a/manifest,,0
	2026-03-01T11:50:04.7772638Z,Cleaning up /tmp//filelist.txt and /tmp//splits,,0
	2026-03-01T11:50:04.8231044Z,Creating a list of all files at /tmp//filelist.txt,,0
	2026-03-01T11:50:04.9437652Z,Excluding: node_modules,,0
	2026-03-01T11:50:05.0222525Z,Created /tmp//filelist.txt. Total number of files to be synced = 120.,,0
	2026-03-01T11:50:05.1713478Z,Created batches from the list of files. Processing 16 files in each thread,,0
	2026-03-01T11:50:05.3523127Z,Running rsync for filelist /tmp//splits/split.ab from /tmp/zipdeploy/extracted/ to /home/site/wwwroot/,,0
	2026-03-01T11:50:05.4111168Z,Running rsync for filelist /tmp//splits/split.ad from /tmp/zipdeploy/extracted/ to /home/site/wwwroot/,,0
	2026-03-01T11:50:05.7169430Z,Running rsync for filelist /tmp//splits/split.aa from /tmp/zipdeploy/extracted/ to /home/site/wwwroot/,,0
	2026-03-01T11:50:05.7989816Z,Running rsync for filelist /tmp//splits/split.ac from /tmp/zipdeploy/extracted/ to /home/site/wwwroot/,,0
	2026-03-01T11:50:05.9165105Z,Running rsync for filelist /tmp//splits/split.af from /tmp/zipdeploy/extracted/ to /home/site/wwwroot/,,0
	2026-03-01T11:50:06.0643355Z,Running rsync for filelist /tmp//splits/split.ae from /tmp/zipdeploy/extracted/ to /home/site/wwwroot/,,0
	2026-03-01T11:50:06.3145765Z,Running rsync for filelist /tmp//splits/split.ag from /tmp/zipdeploy/extracted/ to /home/site/wwwroot/,,0
	2026-03-01T11:50:06.4153872Z,Running rsync for filelist /tmp//splits/split.ah from /tmp/zipdeploy/extracted/ to /home/site/wwwroot/,,0
	2026-03-01T11:50:06.8025191Z,,,0
	2026-03-01T11:50:06.9009713Z,Number of files: 19 (reg: 16&comma; dir: 3),,0
	2026-03-01T11:50:07.0014427Z,Number of created files: 0,,0
	2026-03-01T11:50:07.0810738Z,Number of deleted files: 0,,0
	2026-03-01T11:50:07.1792971Z,Number of regular files transferred: 0,,0
	2026-03-01T11:50:07.2815796Z,Total file size: 35.12K bytes,,0
	2026-03-01T11:50:07.3393970Z,Total transferred file size: 0 bytes,,0
	2026-03-01T11:50:07.4092251Z,Literal data: 0 bytes,,0
	2026-03-01T11:50:07.4685404Z,Matched data: 0 bytes,,0
	2026-03-01T11:50:07.5755368Z,File list size: 0,,0
	2026-03-01T11:50:07.6387613Z,File list generation time: 0.178 seconds,,0
	2026-03-01T11:50:07.6764477Z,File list transfer time: 0.000 seconds,,0
	2026-03-01T11:50:07.6976747Z,Total bytes sent: 1.36K,,0
	2026-03-01T11:50:07.7289196Z,Total bytes received: 73,,0
	2026-03-01T11:50:07.7678302Z,,,0
	2026-03-01T11:50:07.7961771Z,sent 1.36K bytes  received 73 bytes  958.00 bytes/sec,,0
	2026-03-01T11:50:07.8184430Z,total size is 35.12K  speedup is 24.44,,0
	2026-03-01T11:50:07.8611335Z,Attempt 1: Rsync for filelist /tmp//splits/split.ad completed with exit code 0,,0
	2026-03-01T11:50:07.8706922Z,,,0
	2026-03-01T11:50:07.8889900Z,Number of files: 19 (reg: 16&comma; dir: 3),,0
	2026-03-01T11:50:07.8970457Z,Number of created files: 0,,0
	2026-03-01T11:50:07.9280595Z,Number of deleted files: 0,,0
	2026-03-01T11:50:07.9592401Z,Number of regular files transferred: 0,,0
	2026-03-01T11:50:07.9896917Z,Total file size: 23.13K bytes,,0
	2026-03-01T11:50:08.0280004Z,Total transferred file size: 0 bytes,,0
	2026-03-01T11:50:08.0767996Z,Literal data: 0 bytes,,0
	2026-03-01T11:50:08.0971104Z,Matched data: 0 bytes,,0
	2026-03-01T11:50:08.1695897Z,File list size: 0,,0
	2026-03-01T11:50:08.1862365Z,File list generation time: 0.042 seconds,,0
	2026-03-01T11:50:08.2008888Z,File list transfer time: 0.000 seconds,,0
	2026-03-01T11:50:08.2253391Z,Total bytes sent: 1.44K,,0
	2026-03-01T11:50:08.2353502Z,Total bytes received: 73,,0
	2026-03-01T11:50:08.2463774Z,,,0
	2026-03-01T11:50:08.2665492Z,sent 1.44K bytes  received 73 bytes  1.00K bytes/sec,,0
	2026-03-01T11:50:08.3155774Z,total size is 23.13K  speedup is 15.34,,0
	2026-03-01T11:50:08.3455581Z,Attempt 1: Rsync for filelist /tmp//splits/split.ae completed with exit code 0,,0
	2026-03-01T11:50:08.3705463Z,,,0
	2026-03-01T11:50:08.4057381Z,Number of files: 19 (reg: 16&comma; dir: 3),,0
	2026-03-01T11:50:08.4328596Z,Number of created files: 0,,0
	2026-03-01T11:50:08.4564614Z,Number of deleted files: 0,,0
	2026-03-01T11:50:08.4906366Z,Number of regular files transferred: 2,,0
	2026-03-01T11:50:08.5409722Z,Total file size: 1.57M bytes,,0
	2026-03-01T11:50:08.5736709Z,Total transferred file size: 34.22K bytes,,0
	2026-03-01T11:50:08.5913536Z,Literal data: 34.22K bytes,,0
	2026-03-01T11:50:08.6116867Z,Matched data: 0 bytes,,0
	2026-03-01T11:50:08.6238565Z,File list size: 0,,0
	2026-03-01T11:50:08.6392049Z,File list generation time: 0.001 seconds,,0
	2026-03-01T11:50:08.6521974Z,File list transfer time: 0.000 seconds,,0
	2026-03-01T11:50:08.6789267Z,Total bytes sent: 10.03K,,0
	2026-03-01T11:50:08.6881283Z,Total bytes received: 105,,0
	2026-03-01T11:50:08.7074883Z,,,0
	2026-03-01T11:50:08.7206738Z,sent 10.03K bytes  received 105 bytes  6.76K bytes/sec,,0
	2026-03-01T11:50:08.7870730Z,total size is 1.57M  speedup is 155.20,,0
	2026-03-01T11:50:08.8277417Z,Attempt 1: Rsync for filelist /tmp//splits/split.aa completed with exit code 0,,0
	2026-03-01T11:50:08.8433481Z,,,0
	2026-03-01T11:50:08.8665068Z,Number of files: 19 (reg: 16&comma; dir: 3),,0
	2026-03-01T11:50:08.8721865Z,Number of created files: 0,,0
	2026-03-01T11:50:08.8866805Z,Number of deleted files: 0,,0
	2026-03-01T11:50:08.9069800Z,Number of regular files transferred: 0,,0
	2026-03-01T11:50:08.9220596Z,Total file size: 27.01K bytes,,0
	2026-03-01T11:50:08.9364767Z,Total transferred file size: 0 bytes,,0
	2026-03-01T11:50:08.9505717Z,Literal data: 0 bytes,,0
	2026-03-01T11:50:08.9677629Z,Matched data: 0 bytes,,0
	2026-03-01T11:50:09.0064555Z,File list size: 0,,0
	2026-03-01T11:50:09.0461400Z,File list generation time: 0.240 seconds,,0
	2026-03-01T11:50:09.0560474Z,File list transfer time: 0.000 seconds,,0
	2026-03-01T11:50:09.1160041Z,Total bytes sent: 1.44K,,0
	2026-03-01T11:50:09.1588825Z,Total bytes received: 73,,0
	2026-03-01T11:50:09.1866019Z,,,0
	2026-03-01T11:50:09.2102529Z,sent 1.44K bytes  received 73 bytes  3.03K bytes/sec,,0
	2026-03-01T11:50:09.2342178Z,total size is 27.01K  speedup is 17.80,,0
	2026-03-01T11:50:09.2537874Z,Attempt 1: Rsync for filelist /tmp//splits/split.ac completed with exit code 0,,0
	2026-03-01T11:50:09.2635343Z,,,0
	2026-03-01T11:50:09.3024948Z,Number of files: 19 (reg: 16&comma; dir: 3),,0
	2026-03-01T11:50:09.3083750Z,Number of created files: 0,,0
	2026-03-01T11:50:09.3224560Z,Number of deleted files: 0,,0
	2026-03-01T11:50:09.3374423Z,Number of regular files transferred: 0,,0
	2026-03-01T11:50:09.3551392Z,Total file size: 53.40K bytes,,0
	2026-03-01T11:50:09.3662645Z,Total transferred file size: 0 bytes,,0
	2026-03-01T11:50:09.3766584Z,Literal data: 0 bytes,,0
	2026-03-01T11:50:09.3943851Z,Matched data: 0 bytes,,0
	2026-03-01T11:50:09.4055438Z,File list size: 0,,0
	2026-03-01T11:50:09.4241576Z,File list generation time: 0.298 seconds,,0
	2026-03-01T11:50:09.4355951Z,File list transfer time: 0.000 seconds,,0
	2026-03-01T11:50:09.4453199Z,Total bytes sent: 1.36K,,0
	2026-03-01T11:50:09.4624113Z,Total bytes received: 73,,0
	2026-03-01T11:50:09.4739994Z,,,0
	2026-03-01T11:50:09.4909670Z,sent 1.36K bytes  received 73 bytes  957.33 bytes/sec,,0
	2026-03-01T11:50:09.4962797Z,total size is 53.40K  speedup is 37.18,,0
	2026-03-01T11:50:09.5067881Z,Attempt 1: Rsync for filelist /tmp//splits/split.af completed with exit code 0,,0
	2026-03-01T11:50:09.5231133Z,,,0
	2026-03-01T11:50:09.5359281Z,Number of files: 19 (reg: 16&comma; dir: 3),,0
	2026-03-01T11:50:09.5444840Z,Number of created files: 0,,0
	2026-03-01T11:50:09.5543081Z,Number of deleted files: 0,,0
	2026-03-01T11:50:09.5730062Z,Number of regular files transferred: 0,,0
	2026-03-01T11:50:09.5844201Z,Total file size: 16.72K bytes,,0
	2026-03-01T11:50:09.6043155Z,Total transferred file size: 0 bytes,,0
	2026-03-01T11:50:09.6237544Z,Literal data: 0 bytes,,0
	2026-03-01T11:50:09.6622171Z,Matched data: 0 bytes,,0
	2026-03-01T11:50:09.6929638Z,File list size: 0,,0
	2026-03-01T11:50:09.7398574Z,File list generation time: 0.418 seconds,,0
	2026-03-01T11:50:09.8090408Z,File list transfer time: 0.000 seconds,,0
	2026-03-01T11:50:09.8330427Z,Total bytes sent: 1.17K,,0
	2026-03-01T11:50:09.8524860Z,Total bytes received: 73,,0
	2026-03-01T11:50:09.8622126Z,,,0
	2026-03-01T11:50:09.8722592Z,sent 1.17K bytes  received 73 bytes  496.00 bytes/sec,,0
	2026-03-01T11:50:09.8839620Z,total size is 16.72K  speedup is 13.49,,0
	2026-03-01T11:50:09.8925134Z,Attempt 1: Rsync for filelist /tmp//splits/split.ab completed with exit code 0,,0
	2026-03-01T11:50:09.9198574Z,,,0
	2026-03-01T11:50:09.9486291Z,Number of files: 22 (reg: 16&comma; dir: 6),,0
	2026-03-01T11:50:09.9589458Z,Number of created files: 0,,0
	2026-03-01T11:50:09.9689568Z,Number of deleted files: 0,,0
	2026-03-01T11:50:09.9873327Z,Number of regular files transferred: 0,,0
	2026-03-01T11:50:09.9980367Z,Total file size: 85.46K bytes,,0
	2026-03-01T11:50:10.0159096Z,Total transferred file size: 0 bytes,,0
	2026-03-01T11:50:10.0355113Z,Literal data: 0 bytes,,0
	2026-03-01T11:50:10.0485941Z,Matched data: 0 bytes,,0
	2026-03-01T11:50:10.0652211Z,File list size: 0,,0
	2026-03-01T11:50:10.0779103Z,File list generation time: 0.099 seconds,,0
	2026-03-01T11:50:10.1228579Z,File list transfer time: 0.000 seconds,,0
	2026-03-01T11:50:10.1435056Z,Total bytes sent: 761,,0
	2026-03-01T11:50:10.1570877Z,Total bytes received: 82,,0
	2026-03-01T11:50:10.1726539Z,,,0
	2026-03-01T11:50:10.1846224Z,sent 761 bytes  received 82 bytes  562.00 bytes/sec,,0
	2026-03-01T11:50:10.1899065Z,total size is 85.46K  speedup is 101.38,,0
	2026-03-01T11:50:10.2048062Z,Attempt 1: Rsync for filelist /tmp//splits/split.ag completed with exit code 0,,0
	2026-03-01T11:50:10.2211294Z,,,0
	2026-03-01T11:50:10.2346555Z,Number of files: 9 (reg: 8&comma; dir: 1),,0
	2026-03-01T11:50:10.2406124Z,Number of created files: 0,,0
	2026-03-01T11:50:10.2557736Z,Number of deleted files: 0,,0
	2026-03-01T11:50:10.2706892Z,Number of regular files transferred: 2,,0
	2026-03-01T11:50:10.2839903Z,Total file size: 8.14M bytes,,0
	2026-03-01T11:50:10.3011901Z,Total transferred file size: 8.06M bytes,,0
	2026-03-01T11:50:10.3129413Z,Literal data: 8.06M bytes,,0
	2026-03-01T11:50:10.3321827Z,Matched data: 0 bytes,,0
	2026-03-01T11:50:10.3416951Z,File list size: 0,,0
	2026-03-01T11:50:10.3576995Z,File list generation time: 0.109 seconds,,0
	2026-03-01T11:50:10.3771201Z,File list transfer time: 0.000 seconds,,0
	2026-03-01T11:50:10.3852939Z,Total bytes sent: 8.06M,,0
	2026-03-01T11:50:10.3973221Z,Total bytes received: 75,,0
	2026-03-01T11:50:10.4117108Z,,,0
	2026-03-01T11:50:10.4272262Z,sent 8.06M bytes  received 75 bytes  5.37M bytes/sec,,0
	2026-03-01T11:50:10.4321456Z,total size is 8.14M  speedup is 1.01,,0
	2026-03-01T11:50:10.4404110Z,Attempt 1: Rsync for filelist /tmp//splits/split.ah completed with exit code 0,,0
	2026-03-01T11:50:10.4455311Z,Deleting files not present in /tmp/zipdeploy/extracted/ from /home/site/wwwroot/ based on manifest file /home/site/deployments/bbc19d25-da6d-4bd8-bf62-3759cb763963/manifest,,0
	2026-03-01T11:50:10.4507670Z,Number of files deleted: 0. See /tmp//rsync_deletion_logs.txt for more details.,,0
	2026-03-01T11:50:10.4568263Z,create new manifest file at /home/site/deployments/2d787842-2fdd-4a13-8ef9-36d7cd35415a/manifest,,0
	2026-03-01T11:50:10.4770864Z,Excluding node_modules in next manifest file,,0
	2026-03-01T11:50:10.4984279Z,Completed successfully in 4 seconds,,0
2026-03-01T11:50:10.6661440Z,Rsync completed to /home/site/wwwroot,9ce033df-5699-452e-ba37-450b9930eeeb,0
2026-03-01T11:50:10.8274269Z,Manifest created at /home/site/wwwroot,40c9114d-a056-4b6f-b950-42d444ed4928,0
2026-03-01T11:50:10.9468160Z,Optimized build done with success: True,bee9d0b4-e752-444c-9813-023f816af131,0
2026-03-01T11:50:11.0559871Z,Running post deployment command(s)...,b71b24e2-d37b-45a8-99da-cbf2b5f71559,0
2026-03-01T11:50:11.1826256Z,Triggering recycle (preview mode disabled).,ab2891ad-fec6-4bcc-aeba-361fd1c158f1,0
2026-03-01T11:50:11.3712510Z,Deployment successful. deployer = Push-Deployer deploymentPath = ZipDeploy. Extract zip.,f97f7fca-d731-4b37-a9e8-8edcf6717655,0
