2026-03-02T02:25:02.4814442Z,Updating submodules.,1ea63d25-98a6-478e-96bf-a55656c43692,0
2026-03-02T02:25:03.6115603Z,Preparing deployment for commit id '43aa3031-5'.,993ce575-c56d-4691-92b8-068e651eb058,0
2026-03-02T02:25:03.9099982Z,PreDeployment: context.CleanOutputPath False,096ae217-0d40-479e-8589-f3982fc699a3,0
2026-03-02T02:25:04.0353440Z,PreDeployment: context.OutputPath /home/site/wwwroot,94d176ff-cca3-4658-b806-486e05fcbe90,0
2026-03-02T02:25:04.1855142Z,Running build. Project type: OneDeploy,b3eb10e5-5e46-468e-b5de-27b8939c83f5,0
2026-03-02T02:25:04.2846415Z,Copying the manifest,3403fbcc-fa9b-406e-b713-aad9733f1429,0
2026-03-02T02:25:04.4352203Z,NodeProjectOptimizer Initialized with repository path: /tmp/zipdeploy/extracted and output path: /home/site/wwwroot ,881b84c0-84ce-46a5-9f47-a91fc2840a8f,0
2026-03-02T02:25:04.5692068Z,Optimizing build...,eaa09aa3-5fe5-461d-a5af-ad6ceee9b874,0
2026-03-02T02:25:04.6981657Z,Zipping node_modules...,8de2e688-72b7-44b9-9241-e2146a080a78,0
	2026-03-02T02:25:04.7151339Z,Command: /opt/Kudu/Scripts/absoluteTar.sh /tmp/zipdeploy/extracted/node_modules /tmp/zipdeploy/extracted/node_modules.tar.gz,,0
	2026-03-02T02:25:13.5668057Z,Zipped /tmp/zipdeploy/extracted/node_modules to /tmp/zipdeploy/extracted/node_modules.tar.gz done successfully,,0
2026-03-02T02:25:13.6890797Z,Zipped Node Modules to /tmp/zipdeploy/extracted/node_modules.tar.gz,325cba82-f158-439a-b703-ecb02a88354b,0
2026-03-02T02:25:13.8185425Z,Express Node Deploy: Running rsync...,413df165-552a-4617-91a9-aa598ad4bb8a,0
	2026-03-02T02:25:13.8267179Z,Command: /opt/Kudu/Scripts/parallel_rsync.sh /tmp/zipdeploy/extracted /home/site/wwwroot 8 /tmp/ False False node_modules ,,0
	2026-03-02T02:25:13.9140176Z,Run rsync from: /tmp/zipdeploy/extracted/ to: /home/site/wwwroot/ in 8 parallel threads,,0
	2026-03-02T02:25:13.9541077Z,Delete options: clean=False&comma; use manifest=False&comma; directory to ignore=node_modules,,0
	2026-03-02T02:25:14.0409801Z,Prev manifest = /home/site/deployments/d5bff6cc-6f40-4048-b6cc-178c9e78c4fc/manifest and next /home/site/deployments/43aa3031-5480-48f3-b540-2fbbf905b3b3/manifest,,0
	2026-03-02T02:25:14.1006100Z,Cleaning up /tmp//filelist.txt and /tmp//splits,,0
	2026-03-02T02:25:14.2310914Z,Creating a list of all files at /tmp//filelist.txt,,0
	2026-03-02T02:25:14.4490603Z,Excluding: node_modules,,0
	2026-03-02T02:25:14.6490710Z,Created /tmp//filelist.txt. Total number of files to be synced = 120.,,0
	2026-03-02T02:25:14.7865055Z,Created batches from the list of files. Processing 16 files in each thread,,0
	2026-03-02T02:25:14.8563022Z,Running rsync for filelist /tmp//splits/split.aa from /tmp/zipdeploy/extracted/ to /home/site/wwwroot/,,0
	2026-03-02T02:25:14.9182984Z,Running rsync for filelist /tmp//splits/split.ab from /tmp/zipdeploy/extracted/ to /home/site/wwwroot/,,0
	2026-03-02T02:25:15.1180529Z,Running rsync for filelist /tmp//splits/split.ad from /tmp/zipdeploy/extracted/ to /home/site/wwwroot/,,0
	2026-03-02T02:25:15.2172848Z,Running rsync for filelist /tmp//splits/split.ae from /tmp/zipdeploy/extracted/ to /home/site/wwwroot/,,0
	2026-03-02T02:25:15.2291282Z,Running rsync for filelist /tmp//splits/split.af from /tmp/zipdeploy/extracted/ to /home/site/wwwroot/,,0
	2026-03-02T02:25:15.2498693Z,Running rsync for filelist /tmp//splits/split.ac from /tmp/zipdeploy/extracted/ to /home/site/wwwroot/,,0
	2026-03-02T02:25:15.2930793Z,Running rsync for filelist /tmp//splits/split.ah from /tmp/zipdeploy/extracted/ to /home/site/wwwroot/,,0
	2026-03-02T02:25:15.3098471Z,Running rsync for filelist /tmp//splits/split.ag from /tmp/zipdeploy/extracted/ to /home/site/wwwroot/,,0
	2026-03-02T02:25:15.3505438Z,,,0
	2026-03-02T02:25:15.3758627Z,Number of files: 20 (reg: 16&comma; dir: 4),,0
	2026-03-02T02:25:15.3882934Z,Number of created files: 0,,0
	2026-03-02T02:25:15.4354602Z,Number of deleted files: 0,,0
	2026-03-02T02:25:15.4497760Z,Number of regular files transferred: 0,,0
	2026-03-02T02:25:15.4864400Z,Total file size: 43.03K bytes,,0
	2026-03-02T02:25:15.4998405Z,Total transferred file size: 0 bytes,,0
	2026-03-02T02:25:15.5251710Z,Literal data: 0 bytes,,0
	2026-03-02T02:25:15.5376480Z,Matched data: 0 bytes,,0
	2026-03-02T02:25:15.5703796Z,File list size: 0,,0
	2026-03-02T02:25:15.5893217Z,File list generation time: 0.080 seconds,,0
	2026-03-02T02:25:15.6012177Z,File list transfer time: 0.000 seconds,,0
	2026-03-02T02:25:15.6216190Z,Total bytes sent: 1.18K,,0
	2026-03-02T02:25:15.6404575Z,Total bytes received: 73,,0
	2026-03-02T02:25:15.6803568Z,,,0
	2026-03-02T02:25:15.6955664Z,sent 1.18K bytes  received 73 bytes  2.50K bytes/sec,,0
	2026-03-02T02:25:15.7052920Z,total size is 43.03K  speedup is 34.48,,0
	2026-03-02T02:25:15.7302227Z,,,0
	2026-03-02T02:25:15.7428961Z,Attempt 1: Rsync for filelist /tmp//splits/split.ab completed with exit code 0,,0
	2026-03-02T02:25:15.7515937Z,Number of files: 19 (reg: 16&comma; dir: 3),,0
	2026-03-02T02:25:15.7724081Z,Number of created files: 0,,0
	2026-03-02T02:25:15.7889443Z,Number of deleted files: 0,,0
	2026-03-02T02:25:15.7973564Z,Number of regular files transferred: 0,,0
	2026-03-02T02:25:15.8108682Z,Total file size: 25.87K bytes,,0
	2026-03-02T02:25:15.8289291Z,Total transferred file size: 0 bytes,,0
	2026-03-02T02:25:15.8425542Z,Literal data: 0 bytes,,0
	2026-03-02T02:25:15.8600076Z,Matched data: 0 bytes,,0
	2026-03-02T02:25:15.8710734Z,File list size: 0,,0
	2026-03-02T02:25:15.8909582Z,File list generation time: 0.020 seconds,,0
	2026-03-02T02:25:15.9082201Z,File list transfer time: 0.000 seconds,,0
	2026-03-02T02:25:15.9164785Z,Total bytes sent: 1.44K,,0
	2026-03-02T02:25:15.9268302Z,Total bytes received: 73,,0
	2026-03-02T02:25:15.9425406Z,,,0
	2026-03-02T02:25:15.9618638Z,sent 1.44K bytes  received 73 bytes  3.02K bytes/sec,,0
	2026-03-02T02:25:15.9775373Z,total size is 25.87K  speedup is 17.12,,0
	2026-03-02T02:25:15.9868665Z,,,0
	2026-03-02T02:25:15.9985293Z,Number of files: 19 (reg: 16&comma; dir: 3),,0
	2026-03-02T02:25:16.0065398Z,Number of created files: 0,,0
	2026-03-02T02:25:16.0354521Z,Number of deleted files: 0,,0
	2026-03-02T02:25:16.0740899Z,Number of regular files transferred: 0,,0
	2026-03-02T02:25:16.0873171Z,Total file size: 27.67K bytes,,0
	2026-03-02T02:25:16.1229206Z,Total transferred file size: 0 bytes,,0
	2026-03-02T02:25:16.1447539Z,Literal data: 0 bytes,,0
	2026-03-02T02:25:16.1634497Z,Matched data: 0 bytes,,0
	2026-03-02T02:25:16.1771908Z,File list size: 0,,0
	2026-03-02T02:25:16.1921989Z,File list generation time: 0.012 seconds,,0
	2026-03-02T02:25:16.2048390Z,File list transfer time: 0.000 seconds,,0
	2026-03-02T02:25:16.2162399Z,Total bytes sent: 1.40K,,0
	2026-03-02T02:25:16.2340368Z,Total bytes received: 73,,0
	2026-03-02T02:25:16.2452100Z,,,0
	2026-03-02T02:25:16.2527510Z,sent 1.40K bytes  received 73 bytes  2.94K bytes/sec,,0
	2026-03-02T02:25:16.2647082Z,total size is 27.67K  speedup is 18.81,,0
	2026-03-02T02:25:16.2759268Z,Attempt 1: Rsync for filelist /tmp//splits/split.af completed with exit code 0,,0
	2026-03-02T02:25:16.3056754Z,Attempt 1: Rsync for filelist /tmp//splits/split.ac completed with exit code 0,,0
	2026-03-02T02:25:16.3240425Z,,,0
	2026-03-02T02:25:16.3364927Z,Number of files: 19 (reg: 16&comma; dir: 3),,0
	2026-03-02T02:25:16.3537833Z,Number of created files: 0,,0
	2026-03-02T02:25:16.3653181Z,Number of deleted files: 0,,0
	2026-03-02T02:25:16.3832082Z,Number of regular files transferred: 0,,0
	2026-03-02T02:25:16.4017874Z,Total file size: 24.52K bytes,,0
	2026-03-02T02:25:16.4133663Z,Total transferred file size: 0 bytes,,0
	2026-03-02T02:25:16.4256995Z,Literal data: 0 bytes,,0
	2026-03-02T02:25:16.4437722Z,Matched data: 0 bytes,,0
	2026-03-02T02:25:16.4714592Z,File list size: 0,,0
	2026-03-02T02:25:16.4814727Z,File list generation time: 0.088 seconds,,0
	2026-03-02T02:25:16.5008512Z,File list transfer time: 0.000 seconds,,0
	2026-03-02T02:25:16.5207129Z,Total bytes sent: 1.41K,,0
	2026-03-02T02:25:16.5740456Z,Total bytes received: 73,,0
	2026-03-02T02:25:16.5912938Z,,,0
	2026-03-02T02:25:16.5999903Z,sent 1.41K bytes  received 73 bytes  2.97K bytes/sec,,0
	2026-03-02T02:25:16.6143136Z,total size is 24.52K  speedup is 16.51,,0
	2026-03-02T02:25:16.6317674Z,Attempt 1: Rsync for filelist /tmp//splits/split.ae completed with exit code 0,,0
	2026-03-02T02:25:16.6431826Z,,,0
	2026-03-02T02:25:16.6573138Z,Number of files: 19 (reg: 16&comma; dir: 3),,0
	2026-03-02T02:25:16.6732937Z,Number of created files: 0,,0
	2026-03-02T02:25:16.6906311Z,Number of deleted files: 0,,0
	2026-03-02T02:25:16.7023736Z,Number of regular files transferred: 0,,0
	2026-03-02T02:25:16.7225745Z,Total file size: 32.74K bytes,,0
	2026-03-02T02:25:16.7414006Z,Total transferred file size: 0 bytes,,0
	2026-03-02T02:25:16.7525431Z,Literal data: 0 bytes,,0
	2026-03-02T02:25:16.7709863Z,Matched data: 0 bytes,,0
	2026-03-02T02:25:16.7844841Z,File list size: 0,,0
	2026-03-02T02:25:16.8013851Z,File list generation time: 0.108 seconds,,0
	2026-03-02T02:25:16.8111706Z,File list transfer time: 0.000 seconds,,0
	2026-03-02T02:25:16.8227293Z,Total bytes sent: 1.36K,,0
	2026-03-02T02:25:16.8413015Z,Total bytes received: 73,,0
	2026-03-02T02:25:16.8525127Z,,,0
	2026-03-02T02:25:16.8599518Z,sent 1.36K bytes  received 73 bytes  2.87K bytes/sec,,0
	2026-03-02T02:25:16.8715558Z,total size is 32.74K  speedup is 22.85,,0
	2026-03-02T02:25:16.8826922Z,Attempt 1: Rsync for filelist /tmp//splits/split.ad completed with exit code 0,,0
	2026-03-02T02:25:16.9016070Z,,,0
	2026-03-02T02:25:16.9104020Z,Number of files: 23 (reg: 16&comma; dir: 7),,0
	2026-03-02T02:25:16.9228614Z,Number of created files: 0,,0
	2026-03-02T02:25:16.9318406Z,Number of deleted files: 0,,0
	2026-03-02T02:25:16.9499772Z,Number of regular files transferred: 0,,0
	2026-03-02T02:25:16.9625817Z,Total file size: 114.06K bytes,,0
	2026-03-02T02:25:16.9819888Z,Total transferred file size: 0 bytes,,0
	2026-03-02T02:25:16.9947942Z,Literal data: 0 bytes,,0
	2026-03-02T02:25:17.0307592Z,Matched data: 0 bytes,,0
	2026-03-02T02:25:17.0508243Z,File list size: 0,,0
	2026-03-02T02:25:17.0718659Z,File list generation time: 0.020 seconds,,0
	2026-03-02T02:25:17.0925456Z,File list transfer time: 0.000 seconds,,0
	2026-03-02T02:25:17.1309035Z,Total bytes sent: 830,,0
	2026-03-02T02:25:17.1513763Z,Total bytes received: 85,,0
	2026-03-02T02:25:17.1682549Z,,,0
	2026-03-02T02:25:17.1828922Z,sent 830 bytes  received 85 bytes  610.00 bytes/sec,,0
	2026-03-02T02:25:17.1911693Z,total size is 114.06K  speedup is 124.66,,0
	2026-03-02T02:25:17.2174140Z,Attempt 1: Rsync for filelist /tmp//splits/split.ag completed with exit code 0,,0
	2026-03-02T02:25:17.2330150Z,,,0
	2026-03-02T02:25:17.2524580Z,Number of files: 10 (reg: 8&comma; dir: 2),,0
	2026-03-02T02:25:17.2668178Z,Number of created files: 0,,0
	2026-03-02T02:25:17.2972385Z,Number of deleted files: 0,,0
	2026-03-02T02:25:17.3147803Z,Number of regular files transferred: 1,,0
	2026-03-02T02:25:17.3270988Z,Total file size: 8.25M bytes,,0
	2026-03-02T02:25:17.3445411Z,Total transferred file size: 8.16M bytes,,0
	2026-03-02T02:25:17.3566060Z,Literal data: 8.16M bytes,,0
	2026-03-02T02:25:17.3742426Z,Matched data: 0 bytes,,0
	2026-03-02T02:25:17.3860978Z,File list size: 0,,0
	2026-03-02T02:25:17.4037940Z,File list generation time: 0.001 seconds,,0
	2026-03-02T02:25:17.4161397Z,File list transfer time: 0.000 seconds,,0
	2026-03-02T02:25:17.4337573Z,Total bytes sent: 8.17M,,0
	2026-03-02T02:25:17.4521764Z,Total bytes received: 62,,0
	2026-03-02T02:25:17.4637345Z,,,0
	2026-03-02T02:25:17.4737066Z,sent 8.17M bytes  received 62 bytes  5.44M bytes/sec,,0
	2026-03-02T02:25:17.4835415Z,total size is 8.25M  speedup is 1.01,,0
	2026-03-02T02:25:17.5067549Z,Attempt 1: Rsync for filelist /tmp//splits/split.ah completed with exit code 0,,0
	2026-03-02T02:25:17.5223019Z,,,0
	2026-03-02T02:25:17.5307233Z,Number of files: 18 (reg: 16&comma; dir: 2),,0
	2026-03-02T02:25:17.5428726Z,Number of created files: 0,,0
	2026-03-02T02:25:17.5603890Z,Number of deleted files: 0,,0
	2026-03-02T02:25:17.5728241Z,Number of regular files transferred: 7,,0
	2026-03-02T02:25:17.5913945Z,Total file size: 1.55M bytes,,0
	2026-03-02T02:25:17.6103300Z,Total transferred file size: 79.30K bytes,,0
	2026-03-02T02:25:17.6404262Z,Literal data: 79.30K bytes,,0
	2026-03-02T02:25:17.6886374Z,Matched data: 0 bytes,,0
	2026-03-02T02:25:17.7094569Z,File list size: 0,,0
	2026-03-02T02:25:17.7378281Z,File list generation time: 0.058 seconds,,0
	2026-03-02T02:25:17.7506425Z,File list transfer time: 0.000 seconds,,0
	2026-03-02T02:25:17.7697376Z,Total bytes sent: 44.36K,,0
	2026-03-02T02:25:17.7803967Z,Total bytes received: 182,,0
	2026-03-02T02:25:17.7987506Z,,,0
	2026-03-02T02:25:17.8062767Z,sent 44.36K bytes  received 182 bytes  29.70K bytes/sec,,0
	2026-03-02T02:25:17.8186500Z,total size is 1.55M  speedup is 34.80,,0
	2026-03-02T02:25:17.8313736Z,Attempt 1: Rsync for filelist /tmp//splits/split.aa completed with exit code 0,,0
	2026-03-02T02:25:17.8574590Z,Completed successfully in 2 seconds,,0
2026-03-02T02:25:17.9752230Z,Rsync completed to /home/site/wwwroot,ed82ac1f-c2e6-4c63-b485-641f4db99c8c,0
2026-03-02T02:25:18.1129119Z,Manifest created at /home/site/wwwroot,d46c3478-c9b5-4bde-8489-8b0e4f2ab995,0
2026-03-02T02:25:18.2164396Z,Optimized build done with success: True,7e211be6-ef8a-4ccb-9e34-2eb76b236568,0
2026-03-02T02:25:18.3682891Z,Build completed succesfully.,7343bdad-784a-406b-9254-93e5b569395d,0
2026-03-02T02:25:18.5332512Z,Running post deployment command(s)...,a4041ddb-1f19-4220-b681-6997789361fa,0
2026-03-02T02:25:18.6635945Z,Triggering container recycle for OneDeploy by adding/updating restartTrigger.txt to the site root path,e999e0ef-46cf-402d-b92d-d95ad6123bec,0
2026-03-02T02:25:18.8391850Z,Deployment successful. deployer = OneDeploy deploymentPath = OneDeploy,4fa2f6c9-24ef-457c-b541-76bca6a15ad9,0
