2026-03-01T11:39:27.4007201Z,Updating submodules.,00ca9fa9-9b7c-4225-9f43-3d83a9e24eaa,0
2026-03-01T11:39:28.5101064Z,Preparing deployment for commit id 'bbc19d25-d'.,d5618672-75b4-4b10-a74b-f9a8e514f05b,0
2026-03-01T11:39:28.9037277Z,PreDeployment: context.CleanOutputPath False,3d0d6e20-0806-4237-8b18-2f7723a9d099,0
2026-03-01T11:39:29.0704201Z,PreDeployment: context.OutputPath /home/site/wwwroot,0a175002-e0a0-4371-a70a-5b0f2bb74b92,0
2026-03-01T11:39:29.2380012Z,Generating deployment script.,3363a6d6-08ff-48a6-8eae-798ac802af42,0
2026-03-01T11:39:29.3899967Z,NodeProjectOptimizer Initialized with repository path: /tmp/zipdeploy/extracted and output path: /home/site/wwwroot ,352449fd-ced1-477c-b997-af6c81dca5cf,0
2026-03-01T11:39:29.5781670Z,Optimizing build...,649abc96-94b2-45f9-bee1-abc03b80112c,0
2026-03-01T11:39:29.7653627Z,Zipping node_modules...,b99c65d8-fc90-4ae1-9650-2409da307840,0
	2026-03-01T11:39:29.7742996Z,Command: /opt/Kudu/Scripts/absoluteTar.sh /tmp/zipdeploy/extracted/node_modules /tmp/zipdeploy/extracted/node_modules.tar.gz,,0
	2026-03-01T11:39:36.7534767Z,Zipped /tmp/zipdeploy/extracted/node_modules to /tmp/zipdeploy/extracted/node_modules.tar.gz done successfully,,0
2026-03-01T11:39:36.8673003Z,Zipped Node Modules to /tmp/zipdeploy/extracted/node_modules.tar.gz,d408e90d-6f57-4d12-976f-83fc0cf80c55,0
2026-03-01T11:39:36.9895060Z,Express Node Deploy: Running rsync...,0d0b0a96-2ae8-4ba9-a53b-544584dc000e,0
	2026-03-01T11:39:36.9961270Z,Command: /opt/Kudu/Scripts/parallel_rsync.sh /tmp/zipdeploy/extracted /home/site/wwwroot 8 /tmp/ False True node_modules ,,0
	2026-03-01T11:39:37.1242590Z,Run rsync from: /tmp/zipdeploy/extracted/ to: /home/site/wwwroot/ in 8 parallel threads,,0
	2026-03-01T11:39:37.1660474Z,Delete options: clean=False&comma; use manifest=True&comma; directory to ignore=node_modules,,0
	2026-03-01T11:39:37.2452863Z,Prev manifest = /home/site/deployments/4f79934b-ee5c-4f9b-b7db-4ddee849bbdc/manifest and next /home/site/deployments/bbc19d25-da6d-4bd8-bf62-3759cb763963/manifest,,0
	2026-03-01T11:39:37.3129001Z,Cleaning up /tmp//filelist.txt and /tmp//splits,,0
	2026-03-01T11:39:37.3736441Z,Creating a list of all files at /tmp//filelist.txt,,0
	2026-03-01T11:39:37.4236651Z,Excluding: node_modules,,0
	2026-03-01T11:39:37.4732257Z,Created /tmp//filelist.txt. Total number of files to be synced = 120.,,0
	2026-03-01T11:39:37.5329548Z,Created batches from the list of files. Processing 16 files in each thread,,0
	2026-03-01T11:39:37.6322545Z,Running rsync for filelist /tmp//splits/split.aa from /tmp/zipdeploy/extracted/ to /home/site/wwwroot/,,0
	2026-03-01T11:39:37.6817980Z,Running rsync for filelist /tmp//splits/split.ac from /tmp/zipdeploy/extracted/ to /home/site/wwwroot/,,0
	2026-03-01T11:39:37.7721650Z,Running rsync for filelist /tmp//splits/split.ab from /tmp/zipdeploy/extracted/ to /home/site/wwwroot/,,0
	2026-03-01T11:39:37.8511823Z,Running rsync for filelist /tmp//splits/split.ad from /tmp/zipdeploy/extracted/ to /home/site/wwwroot/,,0
	2026-03-01T11:39:37.9104099Z,Running rsync for filelist /tmp//splits/split.ae from /tmp/zipdeploy/extracted/ to /home/site/wwwroot/,,0
	2026-03-01T11:39:37.9526048Z,Running rsync for filelist /tmp//splits/split.ah from /tmp/zipdeploy/extracted/ to /home/site/wwwroot/,,0
	2026-03-01T11:39:38.0027965Z,Running rsync for filelist /tmp//splits/split.af from /tmp/zipdeploy/extracted/ to /home/site/wwwroot/,,0
	2026-03-01T11:39:38.1208489Z,Running rsync for filelist /tmp//splits/split.ag from /tmp/zipdeploy/extracted/ to /home/site/wwwroot/,,0
	2026-03-01T11:39:38.6365059Z,,,0
	2026-03-01T11:39:38.6569635Z,Number of files: 22 (reg: 16&comma; dir: 6),,0
	2026-03-01T11:39:38.7262431Z,Number of created files: 0,,0
	2026-03-01T11:39:38.7860335Z,Number of deleted files: 0,,0
	2026-03-01T11:39:38.8936883Z,Number of regular files transferred: 0,,0
	2026-03-01T11:39:38.9305550Z,Total file size: 85.46K bytes,,0
	2026-03-01T11:39:38.9462619Z,Total transferred file size: 0 bytes,,0
	2026-03-01T11:39:38.9574825Z,Literal data: 0 bytes,,0
	2026-03-01T11:39:38.9717138Z,Matched data: 0 bytes,,0
	2026-03-01T11:39:38.9823530Z,File list size: 0,,0
	2026-03-01T11:39:38.9982869Z,File list generation time: 0.001 seconds,,0
	2026-03-01T11:39:39.0154955Z,File list transfer time: 0.000 seconds,,0
	2026-03-01T11:39:39.0288297Z,Total bytes sent: 761,,0
	2026-03-01T11:39:39.0383784Z,Total bytes received: 82,,0
	2026-03-01T11:39:39.0483738Z,,,0
	2026-03-01T11:39:39.0772110Z,sent 761 bytes  received 82 bytes  1.69K bytes/sec,,0
	2026-03-01T11:39:39.0829448Z,total size is 85.46K  speedup is 101.38,,0
	2026-03-01T11:39:39.1140900Z,Attempt 1: Rsync for filelist /tmp//splits/split.ag completed with exit code 0,,0
	2026-03-01T11:39:39.1344588Z,,,0
	2026-03-01T11:39:39.1770841Z,Number of files: 19 (reg: 16&comma; dir: 3),,0
	2026-03-01T11:39:39.2068144Z,Number of created files: 0,,0
	2026-03-01T11:39:39.2734957Z,Number of deleted files: 0,,0
	2026-03-01T11:39:39.3038116Z,Number of regular files transferred: 0,,0
	2026-03-01T11:39:39.3240533Z,Total file size: 27.01K bytes,,0
	2026-03-01T11:39:39.3539110Z,Total transferred file size: 0 bytes,,0
	2026-03-01T11:39:39.3632680Z,Literal data: 0 bytes,,0
	2026-03-01T11:39:39.3832545Z,Matched data: 0 bytes,,0
	2026-03-01T11:39:39.4249006Z,File list size: 0,,0
	2026-03-01T11:39:39.4550564Z,File list generation time: 0.023 seconds,,0
	2026-03-01T11:39:39.4671655Z,File list transfer time: 0.000 seconds,,0
	2026-03-01T11:39:39.4829070Z,Total bytes sent: 1.44K,,0
	2026-03-01T11:39:39.4966492Z,Total bytes received: 73,,0
	2026-03-01T11:39:39.5209101Z,,,0
	2026-03-01T11:39:39.5265239Z,sent 1.44K bytes  received 73 bytes  3.03K bytes/sec,,0
	2026-03-01T11:39:39.5324768Z,total size is 27.01K  speedup is 17.84,,0
	2026-03-01T11:39:39.5474248Z,Attempt 1: Rsync for filelist /tmp//splits/split.ac completed with exit code 0,,0
	2026-03-01T11:39:39.5617796Z,,,0
	2026-03-01T11:39:39.5761095Z,Number of files: 19 (reg: 16&comma; dir: 3),,0
	2026-03-01T11:39:39.5824808Z,Number of created files: 0,,0
	2026-03-01T11:39:39.5958512Z,Number of deleted files: 0,,0
	2026-03-01T11:39:39.6141313Z,Number of regular files transferred: 0,,0
	2026-03-01T11:39:39.6528252Z,Total file size: 16.72K bytes,,0
	2026-03-01T11:39:39.6633017Z,Total transferred file size: 0 bytes,,0
	2026-03-01T11:39:39.6760547Z,Literal data: 0 bytes,,0
	2026-03-01T11:39:39.6854553Z,Matched data: 0 bytes,,0
	2026-03-01T11:39:39.7019914Z,File list size: 0,,0
	2026-03-01T11:39:39.7213486Z,File list generation time: 0.019 seconds,,0
	2026-03-01T11:39:39.7407520Z,File list transfer time: 0.000 seconds,,0
	2026-03-01T11:39:39.7721415Z,Total bytes sent: 1.16K,,0
	2026-03-01T11:39:39.8019680Z,Total bytes received: 73,,0
	2026-03-01T11:39:39.8320561Z,,,0
	2026-03-01T11:39:39.8632012Z,sent 1.16K bytes  received 73 bytes  824.67 bytes/sec,,0
	2026-03-01T11:39:39.8712458Z,total size is 16.72K  speedup is 13.52,,0
	2026-03-01T11:39:39.8844967Z,Attempt 1: Rsync for filelist /tmp//splits/split.ab completed with exit code 0,,0
	2026-03-01T11:39:39.8947650Z,,,0
	2026-03-01T11:39:39.9311082Z,Number of files: 19 (reg: 16&comma; dir: 3),,0
	2026-03-01T11:39:39.9414118Z,Number of created files: 0,,0
	2026-03-01T11:39:39.9612935Z,Number of deleted files: 0,,0
	2026-03-01T11:39:39.9753465Z,Number of regular files transferred: 0,,0
	2026-03-01T11:39:39.9876057Z,Total file size: 53.40K bytes,,0
	2026-03-01T11:39:40.0042490Z,Total transferred file size: 0 bytes,,0
	2026-03-01T11:39:40.0149010Z,Literal data: 0 bytes,,0
	2026-03-01T11:39:40.0260724Z,Matched data: 0 bytes,,0
	2026-03-01T11:39:40.0356993Z,File list size: 0,,0
	2026-03-01T11:39:40.0516857Z,File list generation time: 0.087 seconds,,0
	2026-03-01T11:39:40.0642427Z,File list transfer time: 0.000 seconds,,0
	2026-03-01T11:39:40.0753509Z,Total bytes sent: 1.36K,,0
	2026-03-01T11:39:40.1018390Z,Total bytes received: 73,,0
	2026-03-01T11:39:40.1306366Z,,,0
	2026-03-01T11:39:40.1520730Z,sent 1.36K bytes  received 73 bytes  2.87K bytes/sec,,0
	2026-03-01T11:39:40.1702760Z,total size is 53.40K  speedup is 37.26,,0
	2026-03-01T11:39:40.1802326Z,Attempt 1: Rsync for filelist /tmp//splits/split.af completed with exit code 0,,0
	2026-03-01T11:39:40.1913645Z,,,0
	2026-03-01T11:39:40.2106284Z,Number of files: 19 (reg: 16&comma; dir: 3),,0
	2026-03-01T11:39:40.2206408Z,Number of created files: 0,,0
	2026-03-01T11:39:40.2313831Z,Number of deleted files: 0,,0
	2026-03-01T11:39:40.2506697Z,Number of regular files transferred: 0,,0
	2026-03-01T11:39:40.2602598Z,Total file size: 23.13K bytes,,0
	2026-03-01T11:39:40.3032776Z,Total transferred file size: 0 bytes,,0
	2026-03-01T11:39:40.3157307Z,Literal data: 0 bytes,,0
	2026-03-01T11:39:40.3372974Z,Matched data: 0 bytes,,0
	2026-03-01T11:39:40.3509760Z,File list size: 0,,0
	2026-03-01T11:39:40.3647696Z,File list generation time: 0.080 seconds,,0
	2026-03-01T11:39:40.3803510Z,File list transfer time: 0.000 seconds,,0
	2026-03-01T11:39:40.4003403Z,Total bytes sent: 1.43K,,0
	2026-03-01T11:39:40.4102367Z,Total bytes received: 73,,0
	2026-03-01T11:39:40.4224932Z,,,0
	2026-03-01T11:39:40.4339969Z,sent 1.43K bytes  received 73 bytes  1.00K bytes/sec,,0
	2026-03-01T11:39:40.4407408Z,total size is 23.13K  speedup is 15.37,,0
	2026-03-01T11:39:40.4599344Z,Attempt 1: Rsync for filelist /tmp//splits/split.ae completed with exit code 0,,0
	2026-03-01T11:39:40.4694612Z,,,0
	2026-03-01T11:39:40.4839464Z,Number of files: 19 (reg: 16&comma; dir: 3),,0
	2026-03-01T11:39:40.4896714Z,Number of created files: 0,,0
	2026-03-01T11:39:40.5032354Z,Number of deleted files: 0,,0
	2026-03-01T11:39:40.5154385Z,Number of regular files transferred: 1,,0
	2026-03-01T11:39:40.5286191Z,Total file size: 1.57M bytes,,0
	2026-03-01T11:39:40.5487696Z,Total transferred file size: 15.47K bytes,,0
	2026-03-01T11:39:40.5592780Z,Literal data: 15.47K bytes,,0
	2026-03-01T11:39:40.5756004Z,Matched data: 0 bytes,,0
	2026-03-01T11:39:40.5889703Z,File list size: 0,,0
	2026-03-01T11:39:40.6000756Z,File list generation time: 0.001 seconds,,0
	2026-03-01T11:39:40.6122675Z,File list transfer time: 0.000 seconds,,0
	2026-03-01T11:39:40.6257389Z,Total bytes sent: 5.10K,,0
	2026-03-01T11:39:40.6334560Z,Total bytes received: 89,,0
	2026-03-01T11:39:40.6488450Z,,,0
	2026-03-01T11:39:40.6547716Z,sent 5.10K bytes  received 89 bytes  3.46K bytes/sec,,0
	2026-03-01T11:39:40.6644491Z,total size is 1.57M  speedup is 303.25,,0
	2026-03-01T11:39:40.6789419Z,Attempt 1: Rsync for filelist /tmp//splits/split.aa completed with exit code 0,,0
	2026-03-01T11:39:40.6892340Z,,,0
	2026-03-01T11:39:40.7106268Z,Number of files: 19 (reg: 16&comma; dir: 3),,0
	2026-03-01T11:39:40.7161678Z,Number of created files: 0,,0
	2026-03-01T11:39:40.7222431Z,Number of deleted files: 0,,0
	2026-03-01T11:39:40.7391690Z,Number of regular files transferred: 0,,0
	2026-03-01T11:39:40.7521839Z,Total file size: 35.12K bytes,,0
	2026-03-01T11:39:40.7634289Z,Total transferred file size: 0 bytes,,0
	2026-03-01T11:39:40.7791737Z,Literal data: 0 bytes,,0
	2026-03-01T11:39:40.7929829Z,Matched data: 0 bytes,,0
	2026-03-01T11:39:40.8018810Z,File list size: 0,,0
	2026-03-01T11:39:40.8282188Z,File list generation time: 0.119 seconds,,0
	2026-03-01T11:39:40.8375248Z,File list transfer time: 0.000 seconds,,0
	2026-03-01T11:39:40.8487254Z,Total bytes sent: 1.36K,,0
	2026-03-01T11:39:40.8671089Z,Total bytes received: 73,,0
	2026-03-01T11:39:40.8784274Z,,,0
	2026-03-01T11:39:40.8912456Z,sent 1.36K bytes  received 73 bytes  956.00 bytes/sec,,0
	2026-03-01T11:39:40.8998244Z,total size is 35.12K  speedup is 24.49,,0
	2026-03-01T11:39:40.9128073Z,Attempt 1: Rsync for filelist /tmp//splits/split.ad completed with exit code 0,,0
	2026-03-01T11:39:40.9274309Z,,,0
	2026-03-01T11:39:40.9425954Z,Number of files: 9 (reg: 8&comma; dir: 1),,0
	2026-03-01T11:39:40.9608011Z,Number of created files: 0,,0
	2026-03-01T11:39:40.9787578Z,Number of deleted files: 0,,0
	2026-03-01T11:39:40.9916728Z,Number of regular files transferred: 1,,0
	2026-03-01T11:39:41.0060399Z,Total file size: 8.14M bytes,,0
	2026-03-01T11:39:41.0252104Z,Total transferred file size: 8.06M bytes,,0
	2026-03-01T11:39:41.0363081Z,Literal data: 8.06M bytes,,0
	2026-03-01T11:39:41.0545588Z,Matched data: 0 bytes,,0
	2026-03-01T11:39:41.0764545Z,File list size: 0,,0
	2026-03-01T11:39:41.1056934Z,File list generation time: 0.001 seconds,,0
	2026-03-01T11:39:41.1542178Z,File list transfer time: 0.000 seconds,,0
	2026-03-01T11:39:41.1742038Z,Total bytes sent: 8.06M,,0
	2026-03-01T11:39:41.2025029Z,Total bytes received: 59,,0
	2026-03-01T11:39:41.2144811Z,,,0
	2026-03-01T11:39:41.2223282Z,sent 8.06M bytes  received 59 bytes  3.22M bytes/sec,,0
	2026-03-01T11:39:41.2326943Z,total size is 8.14M  speedup is 1.01,,0
	2026-03-01T11:39:41.2432174Z,Attempt 1: Rsync for filelist /tmp//splits/split.ah completed with exit code 0,,0
	2026-03-01T11:39:41.2568565Z,Deleting files not present in /tmp/zipdeploy/extracted/ from /home/site/wwwroot/ based on manifest file /home/site/deployments/4f79934b-ee5c-4f9b-b7db-4ddee849bbdc/manifest,,0
	2026-03-01T11:39:41.2741757Z,Number of files deleted: 0. See /tmp//rsync_deletion_logs.txt for more details.,,0
	2026-03-01T11:39:41.3025605Z,create new manifest file at /home/site/deployments/bbc19d25-da6d-4bd8-bf62-3759cb763963/manifest,,0
	2026-03-01T11:39:41.3252298Z,Excluding node_modules in next manifest file,,0
	2026-03-01T11:39:41.3521100Z,Completed successfully in 2 seconds,,0
2026-03-01T11:39:41.4744175Z,Rsync completed to /home/site/wwwroot,580350b1-2f93-4738-bbf8-3337163b4c1e,0
2026-03-01T11:39:41.6399557Z,Manifest created at /home/site/wwwroot,093c20dc-cf52-442d-bcdd-788e2291acab,0
2026-03-01T11:39:41.7742227Z,Optimized build done with success: True,e4e864c6-759f-4934-855f-d16f4856ab55,0
2026-03-01T11:39:41.9104427Z,Running post deployment command(s)...,73697340-6c04-446d-870b-dd2c225ac6eb,0
2026-03-01T11:39:42.0452180Z,Triggering recycle (preview mode disabled).,c0f7b0c8-c3c3-40df-8880-0cac6a9e2c9f,0
2026-03-01T11:39:42.2520159Z,Deployment successful. deployer = Push-Deployer deploymentPath = ZipDeploy. Extract zip.,133b8e25-0b76-426c-accf-254f4cd7d336,0
