2026-03-02T01:46:25.9817802Z,Updating submodules.,68ccef65-7526-4459-bef9-d3cf642bd3f4,0
2026-03-02T01:46:27.1176561Z,Preparing deployment for commit id '36510c17-0'.,cc8e87ef-824f-47f7-b083-eb9f0cb6683f,0
2026-03-02T01:46:27.4366424Z,PreDeployment: context.CleanOutputPath False,38d57d91-01bb-4663-a9af-83a8a74eae9c,0
2026-03-02T01:46:27.5651437Z,PreDeployment: context.OutputPath /home/site/wwwroot,a7503ea8-e1fc-46b8-8a18-5d6ea1aa8add,0
2026-03-02T01:46:27.6994552Z,Running build. Project type: OneDeploy,820e76b1-6b81-4bc9-85c5-390640a610e9,0
2026-03-02T01:46:27.8080013Z,Copying the manifest,86884780-fb04-4336-8a44-6f616771bef9,0
2026-03-02T01:46:27.9602013Z,NodeProjectOptimizer Initialized with repository path: /tmp/zipdeploy/extracted and output path: /home/site/wwwroot ,7b103a52-c272-4f81-8425-4dab889a1fd3,0
2026-03-02T01:46:28.2850008Z,Optimizing build...,adcd8bef-736c-4fea-93c6-ef929a4f37f3,0
2026-03-02T01:46:28.5176980Z,Zipping node_modules...,18bdd0eb-0259-4fb3-99d2-22a573b79fe5,0
	2026-03-02T01:46:28.5593704Z,Command: /opt/Kudu/Scripts/absoluteTar.sh /tmp/zipdeploy/extracted/node_modules /tmp/zipdeploy/extracted/node_modules.tar.gz,,0
	2026-03-02T01:46:34.7955844Z,Zipped /tmp/zipdeploy/extracted/node_modules to /tmp/zipdeploy/extracted/node_modules.tar.gz done successfully,,0
2026-03-02T01:46:34.9180227Z,Zipped Node Modules to /tmp/zipdeploy/extracted/node_modules.tar.gz,f4fcf4b9-15f6-4b0d-b916-dd37b5d58551,0
2026-03-02T01:46:35.0559175Z,Express Node Deploy: Running rsync...,a89ad9dd-6d43-4d0c-8f0b-a060ff058969,0
	2026-03-02T01:46:35.0638784Z,Command: /opt/Kudu/Scripts/parallel_rsync.sh /tmp/zipdeploy/extracted /home/site/wwwroot 8 /tmp/ False False node_modules ,,0
	2026-03-02T01:46:35.1486395Z,Run rsync from: /tmp/zipdeploy/extracted/ to: /home/site/wwwroot/ in 8 parallel threads,,0
	2026-03-02T01:46:35.2473634Z,Delete options: clean=False&comma; use manifest=False&comma; directory to ignore=node_modules,,0
	2026-03-02T01:46:35.3180835Z,Prev manifest = /home/site/deployments/b816b2d5-9e1d-4f78-b30f-22d85df08085/manifest and next /home/site/deployments/36510c17-0e08-4f4e-9e7a-7c6660f41e55/manifest,,0
	2026-03-02T01:46:35.3879727Z,Cleaning up /tmp//filelist.txt and /tmp//splits,,0
	2026-03-02T01:46:35.5059445Z,Creating a list of all files at /tmp//filelist.txt,,0
	2026-03-02T01:46:35.6747009Z,Excluding: node_modules,,0
	2026-03-02T01:46:35.7638635Z,Created /tmp//filelist.txt. Total number of files to be synced = 113.,,0
	2026-03-02T01:46:35.9143466Z,Created batches from the list of files. Processing 15 files in each thread,,0
	2026-03-02T01:46:35.9842797Z,Running rsync for filelist /tmp//splits/split.aa from /tmp/zipdeploy/extracted/ to /home/site/wwwroot/,,0
	2026-03-02T01:46:36.0539880Z,Running rsync for filelist /tmp//splits/split.ab from /tmp/zipdeploy/extracted/ to /home/site/wwwroot/,,0
	2026-03-02T01:46:36.1439239Z,Running rsync for filelist /tmp//splits/split.ac from /tmp/zipdeploy/extracted/ to /home/site/wwwroot/,,0
	2026-03-02T01:46:36.2339730Z,Running rsync for filelist /tmp//splits/split.ad from /tmp/zipdeploy/extracted/ to /home/site/wwwroot/,,0
	2026-03-02T01:46:36.3135788Z,Running rsync for filelist /tmp//splits/split.af from /tmp/zipdeploy/extracted/ to /home/site/wwwroot/,,0
	2026-03-02T01:46:36.3818333Z,Running rsync for filelist /tmp//splits/split.ag from /tmp/zipdeploy/extracted/ to /home/site/wwwroot/,,0
	2026-03-02T01:46:36.4533437Z,Running rsync for filelist /tmp//splits/split.ae from /tmp/zipdeploy/extracted/ to /home/site/wwwroot/,,0
	2026-03-02T01:46:36.4921173Z,Running rsync for filelist /tmp//splits/split.ah from /tmp/zipdeploy/extracted/ to /home/site/wwwroot/,,0
	2026-03-02T01:46:36.5512964Z,,,0
	2026-03-02T01:46:36.6790444Z,Number of files: 18 (reg: 15&comma; dir: 3),,0
	2026-03-02T01:46:36.7037396Z,Number of created files: 0,,0
	2026-03-02T01:46:36.7223648Z,Number of deleted files: 0,,0
	2026-03-02T01:46:36.7349505Z,Number of regular files transferred: 0,,0
	2026-03-02T01:46:36.7533634Z,Total file size: 32.96K bytes,,0
	2026-03-02T01:46:36.7645799Z,Total transferred file size: 0 bytes,,0
	2026-03-02T01:46:36.7822784Z,Literal data: 0 bytes,,0
	2026-03-02T01:46:36.7949880Z,Matched data: 0 bytes,,0
	2026-03-02T01:46:36.8056303Z,File list size: 0,,0
	2026-03-02T01:46:36.8410809Z,File list generation time: 0.032 seconds,,0
	2026-03-02T01:46:36.8741731Z,File list transfer time: 0.000 seconds,,0
	2026-03-02T01:46:36.9732290Z,Total bytes sent: 1.34K,,0
	2026-03-02T01:46:36.9861877Z,Total bytes received: 70,,0
	2026-03-02T01:46:37.0044622Z,,,0
	2026-03-02T01:46:37.0121085Z,sent 1.34K bytes  received 70 bytes  943.33 bytes/sec,,0
	2026-03-02T01:46:37.0341943Z,total size is 32.96K  speedup is 23.30,,0
	2026-03-02T01:46:37.0462115Z,Attempt 1: Rsync for filelist /tmp//splits/split.ac completed with exit code 0,,0
	2026-03-02T01:46:37.0633069Z,,,0
	2026-03-02T01:46:37.0713197Z,Number of files: 18 (reg: 15&comma; dir: 3),,0
	2026-03-02T01:46:37.0862632Z,Number of created files: 0,,0
	2026-03-02T01:46:37.1150731Z,Number of deleted files: 0,,0
	2026-03-02T01:46:37.1560516Z,Number of regular files transferred: 0,,0
	2026-03-02T01:46:37.1727158Z,Total file size: 26.50K bytes,,0
	2026-03-02T01:46:37.1855396Z,Total transferred file size: 0 bytes,,0
	2026-03-02T01:46:37.2025827Z,Literal data: 0 bytes,,0
	2026-03-02T01:46:37.2148376Z,Matched data: 0 bytes,,0
	2026-03-02T01:46:37.2345804Z,File list size: 0,,0
	2026-03-02T01:46:37.2460088Z,File list generation time: 0.022 seconds,,0
	2026-03-02T01:46:37.2659462Z,File list transfer time: 0.000 seconds,,0
	2026-03-02T01:46:37.2756453Z,Total bytes sent: 1.31K,,0
	2026-03-02T01:46:37.2979771Z,Total bytes received: 70,,0
	2026-03-02T01:46:37.3141927Z,,,0
	2026-03-02T01:46:37.3241458Z,sent 1.31K bytes  received 70 bytes  921.33 bytes/sec,,0
	2026-03-02T01:46:37.3828393Z,total size is 26.50K  speedup is 19.18,,0
	2026-03-02T01:46:37.4025286Z,Attempt 1: Rsync for filelist /tmp//splits/split.ad completed with exit code 0,,0
	2026-03-02T01:46:37.4241875Z,,,0
	2026-03-02T01:46:37.4325332Z,Number of files: 19 (reg: 15&comma; dir: 4),,0
	2026-03-02T01:46:37.4427631Z,Number of created files: 0,,0
	2026-03-02T01:46:37.4630981Z,Number of deleted files: 0,,0
	2026-03-02T01:46:37.4825799Z,Number of regular files transferred: 0,,0
	2026-03-02T01:46:37.5226339Z,Total file size: 1.50M bytes,,0
	2026-03-02T01:46:37.5351522Z,Total transferred file size: 0 bytes,,0
	2026-03-02T01:46:37.5526499Z,Literal data: 0 bytes,,0
	2026-03-02T01:46:37.5849281Z,Matched data: 0 bytes,,0
	2026-03-02T01:46:37.5975138Z,File list size: 0,,0
	2026-03-02T01:46:37.6145786Z,File list generation time: 0.068 seconds,,0
	2026-03-02T01:46:37.6254623Z,File list transfer time: 0.000 seconds,,0
	2026-03-02T01:46:37.6437772Z,Total bytes sent: 859,,0
	2026-03-02T01:46:37.6586623Z,Total bytes received: 70,,0
	2026-03-02T01:46:37.6666076Z,,,0
	2026-03-02T01:46:37.6747622Z,sent 859 bytes  received 70 bytes  619.33 bytes/sec,,0
	2026-03-02T01:46:37.6838630Z,total size is 1.50M  speedup is 1&comma;618.69,,0
	2026-03-02T01:46:37.6930705Z,Attempt 1: Rsync for filelist /tmp//splits/split.aa completed with exit code 0,,0
	2026-03-02T01:46:37.7192429Z,,,0
	2026-03-02T01:46:37.7417677Z,Number of files: 18 (reg: 15&comma; dir: 3),,0
	2026-03-02T01:46:37.7711066Z,Number of created files: 0,,0
	2026-03-02T01:46:37.8108915Z,Number of deleted files: 0,,0
	2026-03-02T01:46:37.8995363Z,Number of regular files transferred: 0,,0
	2026-03-02T01:46:37.9405080Z,Total file size: 15.25K bytes,,0
	2026-03-02T01:46:37.9806896Z,Total transferred file size: 0 bytes,,0
	2026-03-02T01:46:38.0389695Z,Literal data: 0 bytes,,0
	2026-03-02T01:46:38.0789256Z,Matched data: 0 bytes,,0
	2026-03-02T01:46:38.1283615Z,File list size: 0,,0
	2026-03-02T01:46:38.1592160Z,File list generation time: 0.092 seconds,,0
	2026-03-02T01:46:38.2370760Z,File list transfer time: 0.000 seconds,,0
	2026-03-02T01:46:38.3047702Z,Total bytes sent: 1.15K,,0
	2026-03-02T01:46:38.3452324Z,Total bytes received: 70,,0
	2026-03-02T01:46:38.3765951Z,,,0
	2026-03-02T01:46:38.3983941Z,sent 1.15K bytes  received 70 bytes  810.67 bytes/sec,,0
	2026-03-02T01:46:38.4272983Z,total size is 15.25K  speedup is 12.54,,0
	2026-03-02T01:46:38.4610172Z,Attempt 1: Rsync for filelist /tmp//splits/split.ab completed with exit code 0,,0
	2026-03-02T01:46:38.5004866Z,,,0
	2026-03-02T01:46:38.5260365Z,Number of files: 18 (reg: 15&comma; dir: 3),,0
	2026-03-02T01:46:38.5364935Z,Number of created files: 0,,0
	2026-03-02T01:46:38.5486795Z,Number of deleted files: 0,,0
	2026-03-02T01:46:38.5668470Z,Number of regular files transferred: 0,,0
	2026-03-02T01:46:38.5778969Z,Total file size: 21.00K bytes,,0
	2026-03-02T01:46:38.5971992Z,Total transferred file size: 0 bytes,,0
	2026-03-02T01:46:38.6156591Z,Literal data: 0 bytes,,0
	2026-03-02T01:46:38.6361376Z,Matched data: 0 bytes,,0
	2026-03-02T01:46:38.6449902Z,File list size: 0,,0
	2026-03-02T01:46:38.6651865Z,File list generation time: 0.099 seconds,,0
	2026-03-02T01:46:38.6741219Z,File list transfer time: 0.000 seconds,,0
	2026-03-02T01:46:38.6963486Z,Total bytes sent: 1.34K,,0
	2026-03-02T01:46:38.7166136Z,Total bytes received: 70,,0
	2026-03-02T01:46:38.7345632Z,,,0
	2026-03-02T01:46:38.7430378Z,sent 1.34K bytes  received 70 bytes  2.81K bytes/sec,,0
	2026-03-02T01:46:38.7542788Z,total size is 21.00K  speedup is 14.93,,0
	2026-03-02T01:46:38.7730711Z,Attempt 1: Rsync for filelist /tmp//splits/split.ae completed with exit code 0,,0
	2026-03-02T01:46:38.7824755Z,,,0
	2026-03-02T01:46:38.7978693Z,Number of files: 21 (reg: 15&comma; dir: 6),,0
	2026-03-02T01:46:38.8115218Z,Number of created files: 0,,0
	2026-03-02T01:46:38.8300960Z,Number of deleted files: 0,,0
	2026-03-02T01:46:38.8421468Z,Number of regular files transferred: 1,,0
	2026-03-02T01:46:38.8600630Z,Total file size: 86.08K bytes,,0
	2026-03-02T01:46:38.8708449Z,Total transferred file size: 1.99K bytes,,0
	2026-03-02T01:46:38.8833253Z,Literal data: 1.99K bytes,,0
	2026-03-02T01:46:38.9499256Z,Matched data: 0 bytes,,0
	2026-03-02T01:46:38.9705210Z,File list size: 0,,0
	2026-03-02T01:46:38.9877959Z,File list generation time: 0.009 seconds,,0
	2026-03-02T01:46:38.9993863Z,File list transfer time: 0.000 seconds,,0
	2026-03-02T01:46:39.0183262Z,Total bytes sent: 1.78K,,0
	2026-03-02T01:46:39.0328651Z,Total bytes received: 95,,0
	2026-03-02T01:46:39.0482105Z,,,0
	2026-03-02T01:46:39.0569461Z,sent 1.78K bytes  received 95 bytes  3.74K bytes/sec,,0
	2026-03-02T01:46:39.0696071Z,total size is 86.08K  speedup is 46.01,,0
	2026-03-02T01:46:39.0816945Z,,,0
	2026-03-02T01:46:39.1003658Z,Number of files: 18 (reg: 15&comma; dir: 3),,0
	2026-03-02T01:46:39.1176252Z,Number of created files: 0,,0
	2026-03-02T01:46:39.1473951Z,Number of deleted files: 0,,0
	2026-03-02T01:46:39.2174627Z,Number of regular files transferred: 0,,0
	2026-03-02T01:46:39.2498618Z,Total file size: 53.10K bytes,,0
	2026-03-02T01:46:39.2701511Z,Total transferred file size: 0 bytes,,0
	2026-03-02T01:46:39.2904394Z,Literal data: 0 bytes,,0
	2026-03-02T01:46:39.3086593Z,Matched data: 0 bytes,,0
	2026-03-02T01:46:39.3199507Z,File list size: 0,,0
	2026-03-02T01:46:39.3310087Z,File list generation time: 0.147 seconds,,0
	2026-03-02T01:46:39.3479372Z,File list transfer time: 0.000 seconds,,0
	2026-03-02T01:46:39.3602389Z,Total bytes sent: 1.29K,,0
	2026-03-02T01:46:39.3779686Z,Total bytes received: 70,,0
	2026-03-02T01:46:39.3897931Z,,,0
	2026-03-02T01:46:39.3973044Z,sent 1.29K bytes  received 70 bytes  2.73K bytes/sec,,0
	2026-03-02T01:46:39.4089019Z,total size is 53.10K  speedup is 38.90,,0
	2026-03-02T01:46:39.4265652Z,Attempt 1: Rsync for filelist /tmp//splits/split.af completed with exit code 0,,0
	2026-03-02T01:46:39.4367395Z,Attempt 1: Rsync for filelist /tmp//splits/split.ag completed with exit code 0,,0
	2026-03-02T01:46:39.4816328Z,,,0
	2026-03-02T01:46:39.4900057Z,Number of files: 10 (reg: 8&comma; dir: 2),,0
	2026-03-02T01:46:39.4995830Z,Number of created files: 0,,0
	2026-03-02T01:46:39.5080159Z,Number of deleted files: 0,,0
	2026-03-02T01:46:39.5172490Z,Number of regular files transferred: 1,,0
	2026-03-02T01:46:39.5266314Z,Total file size: 8.25M bytes,,0
	2026-03-02T01:46:39.5347677Z,Total transferred file size: 8.16M bytes,,0
	2026-03-02T01:46:39.5438503Z,Literal data: 8.16M bytes,,0
	2026-03-02T01:46:39.5524251Z,Matched data: 0 bytes,,0
	2026-03-02T01:46:39.5599689Z,File list size: 0,,0
	2026-03-02T01:46:39.5690809Z,File list generation time: 0.001 seconds,,0
	2026-03-02T01:46:39.5856354Z,File list transfer time: 0.000 seconds,,0
	2026-03-02T01:46:39.6265088Z,Total bytes sent: 8.16M,,0
	2026-03-02T01:46:39.6654710Z,Total bytes received: 62,,0
	2026-03-02T01:46:39.6821882Z,,,0
	2026-03-02T01:46:39.6906971Z,sent 8.16M bytes  received 62 bytes  16.32M bytes/sec,,0
	2026-03-02T01:46:39.7034510Z,total size is 8.25M  speedup is 1.01,,0
	2026-03-02T01:46:39.7113428Z,Attempt 1: Rsync for filelist /tmp//splits/split.ah completed with exit code 0,,0
	2026-03-02T01:46:39.7190950Z,Completed successfully in 1 seconds,,0
2026-03-02T01:46:39.8455549Z,Rsync completed to /home/site/wwwroot,c2ae60f3-ec18-49c8-99ba-cbb0db08cc1f,0
2026-03-02T01:46:40.0070293Z,Manifest created at /home/site/wwwroot,6a84e9b0-c009-45bf-a305-37d65e823d48,0
2026-03-02T01:46:40.1473681Z,Optimized build done with success: True,bca23e54-f18f-4a27-9ef1-6193b470a450,0
2026-03-02T01:46:40.2862815Z,Build completed succesfully.,548542f1-99d1-47d1-b60f-a5318c7cac09,0
2026-03-02T01:46:40.4022895Z,Running post deployment command(s)...,5b5b733e-d9c7-4921-9729-700fd5ddf15d,0
2026-03-02T01:46:40.5377039Z,Triggering container recycle for OneDeploy by adding/updating restartTrigger.txt to the site root path,b4cda8ff-b145-4b21-bbe8-330e62be605e,0
2026-03-02T01:46:40.7089286Z,Deployment successful. deployer = OneDeploy deploymentPath = OneDeploy,b75cfe1e-78b0-4c71-9f4d-7b643eddddbb,0
