2026-02-23T00:40:42.6910995Z,Updating submodules.,cbe4b77a-2db3-4a3c-aa9a-ca9c80b931d9,0
2026-02-23T00:40:43.8473233Z,Preparing deployment for commit id '84a143d5-e'.,abdc0e5f-b0a1-427b-a900-7caed40fc9a2,0
2026-02-23T00:40:44.2394810Z,PreDeployment: context.CleanOutputPath False,83dc4772-ef90-40e7-a451-68bc4c4d7ed9,0
2026-02-23T00:40:44.3799082Z,PreDeployment: context.OutputPath /home/site/wwwroot,ef787d47-7ef6-4bd8-a78b-bb883644b523,0
2026-02-23T00:40:44.5114115Z,Generating deployment script.,fe2b2670-6418-48b7-9029-5e89f6c996e9,0
2026-02-23T00:40:44.6706388Z,NodeProjectOptimizer Initialized with repository path: /tmp/zipdeploy/extracted and output path: /home/site/wwwroot ,6d789830-0cf7-465c-87ec-f41dec270561,0
2026-02-23T00:40:44.8199429Z,Optimizing build...,3bffecb2-dc6a-4d81-b1e2-13cad61f2d1d,0
2026-02-23T00:40:44.9398677Z,Zipping node_modules...,f68f8244-823f-4d2f-9d8a-d489f9aad380,0
	2026-02-23T00:40:44.9443821Z,Command: /opt/Kudu/Scripts/absoluteTar.sh /tmp/zipdeploy/extracted/node_modules /tmp/zipdeploy/extracted/node_modules.tar.gz,,0
	2026-02-23T00:40:52.5865669Z,Zipped /tmp/zipdeploy/extracted/node_modules to /tmp/zipdeploy/extracted/node_modules.tar.gz done successfully,,0
2026-02-23T00:40:52.7564475Z,Zipped Node Modules to /tmp/zipdeploy/extracted/node_modules.tar.gz,02552d8c-7c65-4bfc-a2d2-208315c29d24,0
2026-02-23T00:40:52.8865147Z,Express Node Deploy: Running rsync...,d0d36979-538a-4eb9-b7c4-ed2883557d8c,0
	2026-02-23T00:40:52.8904556Z,Command: /opt/Kudu/Scripts/parallel_rsync.sh /tmp/zipdeploy/extracted /home/site/wwwroot 8 /tmp/ False True node_modules ,,0
	2026-02-23T00:40:53.6682679Z,Run rsync from: /tmp/zipdeploy/extracted/ to: /home/site/wwwroot/ in 8 parallel threads,,0
	2026-02-23T00:40:53.7296306Z,Delete options: clean=False&comma; use manifest=True&comma; directory to ignore=node_modules,,0
	2026-02-23T00:40:53.7566650Z,Prev manifest = /home/site/deployments/c914c582-9138-42cb-832c-62b87b91ada4/manifest and next /home/site/deployments/84a143d5-e9ec-429d-8f5b-6e218b5fe7b9/manifest,,0
	2026-02-23T00:40:53.8084826Z,Cleaning up /tmp//filelist.txt and /tmp//splits,,0
	2026-02-23T00:40:53.8494853Z,Creating a list of all files at /tmp//filelist.txt,,0
	2026-02-23T00:40:53.9436229Z,Excluding: node_modules,,0
	2026-02-23T00:40:53.9745944Z,Created /tmp//filelist.txt. Total number of files to be synced = 80.,,0
	2026-02-23T00:40:54.0640787Z,Created batches from the list of files. Processing 11 files in each thread,,0
	2026-02-23T00:40:54.1148379Z,Running rsync for filelist /tmp//splits/split.aa from /tmp/zipdeploy/extracted/ to /home/site/wwwroot/,,0
	2026-02-23T00:40:54.2348130Z,Running rsync for filelist /tmp//splits/split.ac from /tmp/zipdeploy/extracted/ to /home/site/wwwroot/,,0
	2026-02-23T00:40:54.2390573Z,Running rsync for filelist /tmp//splits/split.ae from /tmp/zipdeploy/extracted/ to /home/site/wwwroot/,,0
	2026-02-23T00:40:54.2434662Z,Running rsync for filelist /tmp//splits/split.ab from /tmp/zipdeploy/extracted/ to /home/site/wwwroot/,,0
	2026-02-23T00:40:54.2641104Z,Running rsync for filelist /tmp//splits/split.ag from /tmp/zipdeploy/extracted/ to /home/site/wwwroot/,,0
	2026-02-23T00:40:54.2775230Z,Running rsync for filelist /tmp//splits/split.af from /tmp/zipdeploy/extracted/ to /home/site/wwwroot/,,0
	2026-02-23T00:40:54.2838883Z,Running rsync for filelist /tmp//splits/split.ad from /tmp/zipdeploy/extracted/ to /home/site/wwwroot/,,0
	2026-02-23T00:40:54.2886128Z,Running rsync for filelist /tmp//splits/split.ah from /tmp/zipdeploy/extracted/ to /home/site/wwwroot/,,0
	2026-02-23T00:40:54.2929430Z,,,0
	2026-02-23T00:40:54.2968288Z,Number of files: 14 (reg: 11&comma; dir: 3),,0
	2026-02-23T00:40:54.3051457Z,Number of created files: 0,,0
	2026-02-23T00:40:54.3089842Z,Number of deleted files: 0,,0
	2026-02-23T00:40:54.3145905Z,Number of regular files transferred: 0,,0
	2026-02-23T00:40:54.3205095Z,Total file size: 22.16K bytes,,0
	2026-02-23T00:40:54.3268586Z,Total transferred file size: 0 bytes,,0
	2026-02-23T00:40:54.3333810Z,Literal data: 0 bytes,,0
	2026-02-23T00:40:54.3376590Z,Matched data: 0 bytes,,0
	2026-02-23T00:40:54.3422812Z,File list size: 0,,0
	2026-02-23T00:40:54.3542415Z,File list generation time: 0.011 seconds,,0
	2026-02-23T00:40:54.3673542Z,File list transfer time: 0.000 seconds,,0
	2026-02-23T00:40:54.3715057Z,Total bytes sent: 997,,0
	2026-02-23T00:40:54.3756627Z,Total bytes received: 58,,0
	2026-02-23T00:40:54.3930052Z,,,0
	2026-02-23T00:40:54.3975221Z,sent 997 bytes  received 58 bytes  2.11K bytes/sec,,0
	2026-02-23T00:40:54.4016502Z,total size is 22.16K  speedup is 21.00,,0
	2026-02-23T00:40:54.4075364Z,Attempt 1: Rsync for filelist /tmp//splits/split.ad completed with exit code 0,,0
	2026-02-23T00:40:54.4301356Z,,,0
	2026-02-23T00:40:54.4368137Z,Number of files: 14 (reg: 11&comma; dir: 3),,0
	2026-02-23T00:40:54.4436505Z,Number of created files: 0,,0
	2026-02-23T00:40:54.4669798Z,Number of deleted files: 0,,0
	2026-02-23T00:40:54.4714591Z,Number of regular files transferred: 0,,0
	2026-02-23T00:40:54.5046091Z,Total file size: 18.13K bytes,,0
	2026-02-23T00:40:54.5100309Z,Total transferred file size: 0 bytes,,0
	2026-02-23T00:40:54.5140714Z,Literal data: 0 bytes,,0
	2026-02-23T00:40:54.5180441Z,Matched data: 0 bytes,,0
	2026-02-23T00:40:54.5224179Z,File list size: 0,,0
	2026-02-23T00:40:54.5300825Z,File list generation time: 0.098 seconds,,0
	2026-02-23T00:40:54.5479981Z,File list transfer time: 0.000 seconds,,0
	2026-02-23T00:40:54.6078208Z,Total bytes sent: 1.02K,,0
	2026-02-23T00:40:54.6381308Z,Total bytes received: 58,,0
	2026-02-23T00:40:54.6489462Z,,,0
	2026-02-23T00:40:54.6792431Z,sent 1.02K bytes  received 58 bytes  2.15K bytes/sec,,0
	2026-02-23T00:40:54.7495222Z,total size is 18.13K  speedup is 16.88,,0
	2026-02-23T00:40:54.7890373Z,,,0
	2026-02-23T00:40:54.8082972Z,Number of files: 14 (reg: 11&comma; dir: 3),,0
	2026-02-23T00:40:54.8218219Z,Number of created files: 0,,0
	2026-02-23T00:40:54.8413239Z,Number of deleted files: 0,,0
	2026-02-23T00:40:54.8858023Z,Number of regular files transferred: 0,,0
	2026-02-23T00:40:54.8933373Z,Total file size: 17.37K bytes,,0
	2026-02-23T00:40:54.9012825Z,Total transferred file size: 0 bytes,,0
	2026-02-23T00:40:54.9128535Z,Literal data: 0 bytes,,0
	2026-02-23T00:40:54.9299069Z,Matched data: 0 bytes,,0
	2026-02-23T00:40:54.9501700Z,File list size: 0,,0
	2026-02-23T00:40:54.9988035Z,File list generation time: 0.049 seconds,,0
	2026-02-23T00:40:55.0198919Z,File list transfer time: 0.000 seconds,,0
	2026-02-23T00:40:55.0394584Z,Total bytes sent: 1.06K,,0
	2026-02-23T00:40:55.0596331Z,Total bytes received: 58,,0
	2026-02-23T00:40:55.0808795Z,,,0
	2026-02-23T00:40:55.0973110Z,sent 1.06K bytes  received 58 bytes  2.23K bytes/sec,,0
	2026-02-23T00:40:55.1268850Z,total size is 17.37K  speedup is 15.56,,0
	2026-02-23T00:40:55.1677289Z,Attempt 1: Rsync for filelist /tmp//splits/split.ac completed with exit code 0,,0
	2026-02-23T00:40:55.1893512Z,,,0
	2026-02-23T00:40:55.2072198Z,Number of files: 14 (reg: 11&comma; dir: 3),,0
	2026-02-23T00:40:55.2125492Z,Number of created files: 0,,0
	2026-02-23T00:40:55.2283227Z,Number of deleted files: 0,,0
	2026-02-23T00:40:55.2472588Z,Number of regular files transferred: 0,,0
	2026-02-23T00:40:55.2788566Z,Total file size: 10.58K bytes,,0
	2026-02-23T00:40:55.2974563Z,Total transferred file size: 0 bytes,,0
	2026-02-23T00:40:55.3161184Z,Literal data: 0 bytes,,0
	2026-02-23T00:40:55.3356188Z,Matched data: 0 bytes,,0
	2026-02-23T00:40:55.3566650Z,File list size: 0,,0
	2026-02-23T00:40:55.3763887Z,File list generation time: 0.048 seconds,,0
	2026-02-23T00:40:55.3876847Z,File list transfer time: 0.000 seconds,,0
	2026-02-23T00:40:55.4055070Z,Total bytes sent: 864,,0
	2026-02-23T00:40:55.4327592Z,Total bytes received: 58,,0
	2026-02-23T00:40:55.4552203Z,,,0
	2026-02-23T00:40:55.5023039Z,sent 864 bytes  received 58 bytes  1.84K bytes/sec,,0
	2026-02-23T00:40:55.5227773Z,total size is 10.58K  speedup is 11.47,,0
	2026-02-23T00:40:55.5429815Z,Attempt 1: Rsync for filelist /tmp//splits/split.ab completed with exit code 0,,0
	2026-02-23T00:40:55.5705499Z,,,0
	2026-02-23T00:40:55.5932849Z,Number of files: 15 (reg: 11&comma; dir: 4),,0
	2026-02-23T00:40:55.6101936Z,Number of created files: 0,,0
	2026-02-23T00:40:55.6215526Z,Number of deleted files: 0,,0
	2026-02-23T00:40:55.6402638Z,Number of regular files transferred: 0,,0
	2026-02-23T00:40:55.6703820Z,Total file size: 44.08K bytes,,0
	2026-02-23T00:40:55.6983546Z,Total transferred file size: 0 bytes,,0
	2026-02-23T00:40:55.7185129Z,Literal data: 0 bytes,,0
	2026-02-23T00:40:55.7307950Z,Matched data: 0 bytes,,0
	2026-02-23T00:40:55.7589927Z,File list size: 0,,0
	2026-02-23T00:40:55.7874052Z,File list generation time: 0.001 seconds,,0
	2026-02-23T00:40:55.8007638Z,File list transfer time: 0.000 seconds,,0
	2026-02-23T00:40:55.8191170Z,Total bytes sent: 532,,0
	2026-02-23T00:40:55.8309972Z,Total bytes received: 61,,0
	2026-02-23T00:40:55.8474380Z,,,0
	2026-02-23T00:40:55.8699559Z,sent 532 bytes  received 61 bytes  1.19K bytes/sec,,0
	2026-02-23T00:40:55.8862022Z,total size is 44.08K  speedup is 74.33,,0
	2026-02-23T00:40:55.9076671Z,Attempt 1: Rsync for filelist /tmp//splits/split.ag completed with exit code 0,,0
	2026-02-23T00:40:55.9242056Z,Attempt 1: Rsync for filelist /tmp//splits/split.ae completed with exit code 0,,0
	2026-02-23T00:40:55.9435191Z,,,0
	2026-02-23T00:40:55.9541682Z,Number of files: 14 (reg: 11&comma; dir: 3),,0
	2026-02-23T00:40:56.0156744Z,Number of created files: 0,,0
	2026-02-23T00:40:56.0960936Z,Number of deleted files: 0,,0
	2026-02-23T00:40:56.1832114Z,Number of regular files transferred: 0,,0
	2026-02-23T00:40:56.2560051Z,Total file size: 19.84K bytes,,0
	2026-02-23T00:40:56.3136888Z,Total transferred file size: 0 bytes,,0
	2026-02-23T00:40:56.3822131Z,Literal data: 0 bytes,,0
	2026-02-23T00:40:56.4030422Z,Matched data: 0 bytes,,0
	2026-02-23T00:40:56.4315128Z,File list size: 0,,0
	2026-02-23T00:40:56.4545099Z,File list generation time: 0.011 seconds,,0
	2026-02-23T00:40:56.4911395Z,File list transfer time: 0.000 seconds,,0
	2026-02-23T00:40:56.5051214Z,Total bytes sent: 914,,0
	2026-02-23T00:40:56.5217556Z,Total bytes received: 58,,0
	2026-02-23T00:40:56.5334578Z,,,0
	2026-02-23T00:40:56.5521965Z,sent 914 bytes  received 58 bytes  1.94K bytes/sec,,0
	2026-02-23T00:40:56.5904096Z,total size is 19.84K  speedup is 20.41,,0
	2026-02-23T00:40:56.6219984Z,Attempt 1: Rsync for filelist /tmp//splits/split.af completed with exit code 0,,0
	2026-02-23T00:40:56.6819177Z,,,0
	2026-02-23T00:40:56.7223236Z,Number of files: 15 (reg: 11&comma; dir: 4),,0
	2026-02-23T00:40:56.7406042Z,Number of created files: 0,,0
	2026-02-23T00:40:56.7607876Z,Number of deleted files: 0,,0
	2026-02-23T00:40:56.7924406Z,Number of regular files transferred: 2,,0
	2026-02-23T00:40:56.8110028Z,Total file size: 133.23K bytes,,0
	2026-02-23T00:40:56.8227275Z,Total transferred file size: 86.54K bytes,,0
	2026-02-23T00:40:56.8395167Z,Literal data: 86.54K bytes,,0
	2026-02-23T00:40:56.8513964Z,Matched data: 0 bytes,,0
	2026-02-23T00:40:56.8734840Z,File list size: 0,,0
	2026-02-23T00:40:56.8897987Z,File list generation time: 0.039 seconds,,0
	2026-02-23T00:40:56.9017998Z,File list transfer time: 0.000 seconds,,0
	2026-02-23T00:40:56.9133383Z,Total bytes sent: 71.29K,,0
	2026-02-23T00:40:56.9323061Z,Total bytes received: 90,,0
	2026-02-23T00:40:56.9500327Z,,,0
	2026-02-23T00:40:56.9900295Z,sent 71.29K bytes  received 90 bytes  47.58K bytes/sec,,0
	2026-02-23T00:40:57.0114393Z,total size is 133.23K  speedup is 1.87,,0
	2026-02-23T00:40:57.0312502Z,Attempt 1: Rsync for filelist /tmp//splits/split.aa completed with exit code 0,,0
	2026-02-23T00:40:57.0607669Z,,,0
	2026-02-23T00:40:57.1022273Z,Number of files: 3 (reg: 3),,0
	2026-02-23T00:40:57.1120071Z,Number of created files: 0,,0
	2026-02-23T00:40:57.1211428Z,Number of deleted files: 0,,0
	2026-02-23T00:40:57.1303597Z,Number of regular files transferred: 2,,0
	2026-02-23T00:40:57.1349918Z,Total file size: 8.13M bytes,,0
	2026-02-23T00:40:57.1434758Z,Total transferred file size: 8.13M bytes,,0
	2026-02-23T00:40:57.1829845Z,Literal data: 8.13M bytes,,0
	2026-02-23T00:40:57.2041858Z,Matched data: 0 bytes,,0
	2026-02-23T00:40:57.2229009Z,File list size: 0,,0
	2026-02-23T00:40:57.2329844Z,File list generation time: 0.001 seconds,,0
	2026-02-23T00:40:57.2422013Z,File list transfer time: 0.000 seconds,,0
	2026-02-23T00:40:57.2627081Z,Total bytes sent: 8.08M,,0
	2026-02-23T00:40:57.2711657Z,Total bytes received: 57,,0
	2026-02-23T00:40:57.2796719Z,,,0
	2026-02-23T00:40:57.2844542Z,sent 8.08M bytes  received 57 bytes  5.39M bytes/sec,,0
	2026-02-23T00:40:57.2937536Z,total size is 8.13M  speedup is 1.01,,0
	2026-02-23T00:40:57.3020960Z,Attempt 1: Rsync for filelist /tmp//splits/split.ah completed with exit code 0,,0
	2026-02-23T00:40:57.3099957Z,Deleting files not present in /tmp/zipdeploy/extracted/ from /home/site/wwwroot/ based on manifest file /home/site/deployments/c914c582-9138-42cb-832c-62b87b91ada4/manifest,,0
	2026-02-23T00:40:57.3145707Z,Number of files deleted: 9. See /tmp//rsync_deletion_logs.txt for more details.,,0
	2026-02-23T00:40:57.3239127Z,create new manifest file at /home/site/deployments/84a143d5-e9ec-429d-8f5b-6e218b5fe7b9/manifest,,0
	2026-02-23T00:40:57.3304906Z,Excluding node_modules in next manifest file,,0
	2026-02-23T00:40:57.3393347Z,Completed successfully in 3 seconds,,0
2026-02-23T00:40:57.6894733Z,Rsync completed to /home/site/wwwroot,2de64e6b-6011-4bfa-a2b2-4004e11de833,0
2026-02-23T00:40:57.9083212Z,Manifest created at /home/site/wwwroot,86b12875-8644-4ecd-bad0-89a9084e9a55,0
2026-02-23T00:40:58.1276957Z,Optimized build done with success: True,8c8b303f-8f02-4b52-9fc5-7261489d7731,0
2026-02-23T00:40:58.3346068Z,Running post deployment command(s)...,fbe44539-6596-403b-859c-a351396efc64,0
2026-02-23T00:40:58.6384009Z,Triggering recycle (preview mode disabled).,ff653785-424e-49a5-bfff-22368d2cca92,0
2026-02-23T00:40:58.9485455Z,Deployment successful. deployer = Push-Deployer deploymentPath = ZipDeploy. Extract zip.,6276f170-d900-4d03-a11b-2bbbe0b9b0ce,0
