2026-03-02T01:13:10.3798825Z,Updating submodules.,ae0ce4c0-28ef-44b7-947c-57363ba8944c,0
2026-03-02T01:13:11.4969320Z,Preparing deployment for commit id 'df257b87-7'.,7f06272a-1e8f-42f8-9689-80abbd0578cc,0
2026-03-02T01:13:11.8069153Z,PreDeployment: context.CleanOutputPath False,672c1d34-a4fb-41cb-8bc9-c0dee3dc4069,0
2026-03-02T01:13:11.9238452Z,PreDeployment: context.OutputPath /home/site/wwwroot,3bccfc44-7d6f-4279-9091-434af4122623,0
2026-03-02T01:13:12.0500414Z,Running build. Project type: OneDeploy,2f9120c4-9671-48f1-bd97-84bbf63242f1,0
2026-03-02T01:13:12.1645826Z,Copying the manifest,f89fcf9b-8ed5-45f0-a077-7bc45d18c4ec,0
2026-03-02T01:13:12.3771310Z,NodeProjectOptimizer Initialized with repository path: /tmp/zipdeploy/extracted and output path: /home/site/wwwroot ,82bbf70d-ca0a-45be-8b3a-f0475dfde4ac,0
2026-03-02T01:13:12.5303218Z,Optimizing build...,d1f403ab-ce16-43b4-b391-58a5f6daca8d,0
2026-03-02T01:13:12.6313007Z,Zipping node_modules...,9d8f8b96-fe95-47d9-8b65-258c85f06848,0
	2026-03-02T01:13:12.6413337Z,Command: /opt/Kudu/Scripts/absoluteTar.sh /tmp/zipdeploy/extracted/node_modules /tmp/zipdeploy/extracted/node_modules.tar.gz,,0
	2026-03-02T01:13:19.1888171Z,Zipped /tmp/zipdeploy/extracted/node_modules to /tmp/zipdeploy/extracted/node_modules.tar.gz done successfully,,0
2026-03-02T01:13:19.2979660Z,Zipped Node Modules to /tmp/zipdeploy/extracted/node_modules.tar.gz,17c319fd-d77f-4f99-8db5-39c3756d2665,0
2026-03-02T01:13:19.4138513Z,Express Node Deploy: Running rsync...,abb2f08a-13ac-47d6-8f88-dc3204f59d43,0
	2026-03-02T01:13:19.4220539Z,Command: /opt/Kudu/Scripts/parallel_rsync.sh /tmp/zipdeploy/extracted /home/site/wwwroot 8 /tmp/ False False node_modules ,,0
	2026-03-02T01:13:20.2281924Z,Run rsync from: /tmp/zipdeploy/extracted/ to: /home/site/wwwroot/ in 8 parallel threads,,0
	2026-03-02T01:13:20.4560452Z,Delete options: clean=False&comma; use manifest=False&comma; directory to ignore=node_modules,,0
	2026-03-02T01:13:20.5452779Z,Prev manifest = /home/site/deployments/707a20fc-bc47-4e1b-a9be-dd73da8598e2/manifest and next /home/site/deployments/df257b87-72b8-4cc7-b3c1-a24f6c721b8e/manifest,,0
	2026-03-02T01:13:20.6088539Z,Cleaning up /tmp//filelist.txt and /tmp//splits,,0
	2026-03-02T01:13:20.6403928Z,Creating a list of all files at /tmp//filelist.txt,,0
	2026-03-02T01:13:20.6565943Z,Excluding: node_modules,,0
	2026-03-02T01:13:20.6976051Z,Created /tmp//filelist.txt. Total number of files to be synced = 116.,,0
	2026-03-02T01:13:20.7300416Z,Created batches from the list of files. Processing 15 files in each thread,,0
	2026-03-02T01:13:20.7603419Z,Running rsync for filelist /tmp//splits/split.aa from /tmp/zipdeploy/extracted/ to /home/site/wwwroot/,,0
	2026-03-02T01:13:20.7884462Z,Running rsync for filelist /tmp//splits/split.ac from /tmp/zipdeploy/extracted/ to /home/site/wwwroot/,,0
	2026-03-02T01:13:20.8108824Z,Running rsync for filelist /tmp//splits/split.af from /tmp/zipdeploy/extracted/ to /home/site/wwwroot/,,0
	2026-03-02T01:13:20.8398673Z,Running rsync for filelist /tmp//splits/split.ae from /tmp/zipdeploy/extracted/ to /home/site/wwwroot/,,0
	2026-03-02T01:13:20.8701251Z,Running rsync for filelist /tmp//splits/split.ad from /tmp/zipdeploy/extracted/ to /home/site/wwwroot/,,0
	2026-03-02T01:13:20.8899633Z,Running rsync for filelist /tmp//splits/split.ab from /tmp/zipdeploy/extracted/ to /home/site/wwwroot/,,0
	2026-03-02T01:13:20.9094056Z,Running rsync for filelist /tmp//splits/split.ag from /tmp/zipdeploy/extracted/ to /home/site/wwwroot/,,0
	2026-03-02T01:13:20.9302372Z,Running rsync for filelist /tmp//splits/split.ah from /tmp/zipdeploy/extracted/ to /home/site/wwwroot/,,0
	2026-03-02T01:13:20.9453237Z,,,0
	2026-03-02T01:13:20.9532425Z,Number of files: 18 (reg: 15&comma; dir: 3),,0
	2026-03-02T01:13:20.9611943Z,Number of created files: 0,,0
	2026-03-02T01:13:20.9688102Z,Number of deleted files: 0,,0
	2026-03-02T01:13:20.9886423Z,Number of regular files transferred: 0,,0
	2026-03-02T01:13:21.0183999Z,Total file size: 31.50K bytes,,0
	2026-03-02T01:13:21.0308099Z,Total transferred file size: 0 bytes,,0
	2026-03-02T01:13:21.0471979Z,Literal data: 0 bytes,,0
	2026-03-02T01:13:21.0586282Z,Matched data: 0 bytes,,0
	2026-03-02T01:13:21.0723267Z,File list size: 0,,0
	2026-03-02T01:13:21.0887315Z,File list generation time: 0.019 seconds,,0
	2026-03-02T01:13:21.1180613Z,File list transfer time: 0.000 seconds,,0
	2026-03-02T01:13:21.1357944Z,Total bytes sent: 1.29K,,0
	2026-03-02T01:13:21.1577411Z,Total bytes received: 70,,0
	2026-03-02T01:13:21.1892004Z,,,0
	2026-03-02T01:13:21.1997659Z,sent 1.29K bytes  received 70 bytes  905.33 bytes/sec,,0
	2026-03-02T01:13:21.2115753Z,total size is 31.50K  speedup is 23.19,,0
	2026-03-02T01:13:21.2276847Z,Attempt 1: Rsync for filelist /tmp//splits/split.ad completed with exit code 0,,0
	2026-03-02T01:13:21.2420173Z,,,0
	2026-03-02T01:13:21.2639557Z,Number of files: 18 (reg: 15&comma; dir: 3),,0
	2026-03-02T01:13:21.2772555Z,Number of created files: 0,,0
	2026-03-02T01:13:21.2953672Z,Number of deleted files: 0,,0
	2026-03-02T01:13:21.3077227Z,Number of regular files transferred: 0,,0
	2026-03-02T01:13:21.3231735Z,Total file size: 24.54K bytes,,0
	2026-03-02T01:13:21.3381674Z,Total transferred file size: 0 bytes,,0
	2026-03-02T01:13:21.3538191Z,Literal data: 0 bytes,,0
	2026-03-02T01:13:21.3623107Z,Matched data: 0 bytes,,0
	2026-03-02T01:13:21.3741978Z,File list size: 0,,0
	2026-03-02T01:13:21.3821805Z,File list generation time: 0.019 seconds,,0
	2026-03-02T01:13:21.3897767Z,File list transfer time: 0.000 seconds,,0
	2026-03-02T01:13:21.3978449Z,Total bytes sent: 1.28K,,0
	2026-03-02T01:13:21.4060546Z,Total bytes received: 70,,0
	2026-03-02T01:13:21.4140728Z,,,0
	2026-03-02T01:13:21.4219072Z,sent 1.28K bytes  received 70 bytes  2.69K bytes/sec,,0
	2026-03-02T01:13:21.4311045Z,total size is 24.54K  speedup is 18.23,,0
	2026-03-02T01:13:21.4392773Z,Attempt 1: Rsync for filelist /tmp//splits/split.af completed with exit code 0,,0
	2026-03-02T01:13:21.4486260Z,,,0
	2026-03-02T01:13:21.4564303Z,Number of files: 20 (reg: 15&comma; dir: 5),,0
	2026-03-02T01:13:21.4655991Z,Number of created files: 0,,0
	2026-03-02T01:13:21.4733403Z,Number of deleted files: 0,,0
	2026-03-02T01:13:21.4846355Z,Number of regular files transferred: 0,,0
	2026-03-02T01:13:21.4924577Z,Total file size: 1.53M bytes,,0
	2026-03-02T01:13:21.5001643Z,Total transferred file size: 0 bytes,,0
	2026-03-02T01:13:21.5108421Z,Literal data: 0 bytes,,0
	2026-03-02T01:13:21.5183865Z,Matched data: 0 bytes,,0
	2026-03-02T01:13:21.5284089Z,File list size: 0,,0
	2026-03-02T01:13:21.5375491Z,File list generation time: 0.009 seconds,,0
	2026-03-02T01:13:21.5463501Z,File list transfer time: 0.000 seconds,,0
	2026-03-02T01:13:21.5540886Z,Total bytes sent: 759,,0
	2026-03-02T01:13:21.5659085Z,Total bytes received: 73,,0
	2026-03-02T01:13:21.5768035Z,,,0
	2026-03-02T01:13:21.5855495Z,sent 759 bytes  received 73 bytes  554.67 bytes/sec,,0
	2026-03-02T01:13:21.6075509Z,total size is 1.53M  speedup is 1&comma;843.97,,0
	2026-03-02T01:13:21.6763225Z,Attempt 1: Rsync for filelist /tmp//splits/split.aa completed with exit code 0,,0
	2026-03-02T01:13:21.7462353Z,,,0
	2026-03-02T01:13:21.7860063Z,Number of files: 18 (reg: 15&comma; dir: 3),,0
	2026-03-02T01:13:21.8158323Z,Number of created files: 0,,0
	2026-03-02T01:13:21.8477122Z,Number of deleted files: 0,,0
	2026-03-02T01:13:21.8597223Z,Number of regular files transferred: 0,,0
	2026-03-02T01:13:21.8781297Z,Total file size: 25.67K bytes,,0
	2026-03-02T01:13:21.8958073Z,Total transferred file size: 0 bytes,,0
	2026-03-02T01:13:21.9164193Z,Literal data: 0 bytes,,0
	2026-03-02T01:13:21.9274971Z,Matched data: 0 bytes,,0
	2026-03-02T01:13:21.9492091Z,File list size: 0,,0
	2026-03-02T01:13:21.9661606Z,File list generation time: 0.099 seconds,,0
	2026-03-02T01:13:21.9780833Z,File list transfer time: 0.000 seconds,,0
	2026-03-02T01:13:21.9959621Z,Total bytes sent: 1.36K,,0
	2026-03-02T01:13:22.0074963Z,Total bytes received: 70,,0
	2026-03-02T01:13:22.0268476Z,,,0
	2026-03-02T01:13:22.0416446Z,sent 1.36K bytes  received 70 bytes  955.33 bytes/sec,,0
	2026-03-02T01:13:22.0551187Z,total size is 25.67K  speedup is 17.91,,0
	2026-03-02T01:13:22.0664123Z,,,0
	2026-03-02T01:13:22.0810845Z,Number of files: 18 (reg: 15&comma; dir: 3),,0
	2026-03-02T01:13:22.0946721Z,Number of created files: 0,,0
	2026-03-02T01:13:22.1245089Z,Number of deleted files: 0,,0
	2026-03-02T01:13:22.1419697Z,Number of regular files transferred: 0,,0
	2026-03-02T01:13:22.1630324Z,Total file size: 23.18K bytes,,0
	2026-03-02T01:13:22.1751404Z,Total transferred file size: 0 bytes,,0
	2026-03-02T01:13:22.1941331Z,Literal data: 0 bytes,,0
	2026-03-02T01:13:22.2054083Z,Matched data: 0 bytes,,0
	2026-03-02T01:13:22.2349550Z,File list size: 0,,0
	2026-03-02T01:13:22.2531813Z,File list generation time: 0.080 seconds,,0
	2026-03-02T01:13:22.2727579Z,File list transfer time: 0.000 seconds,,0
	2026-03-02T01:13:22.2834432Z,Total bytes sent: 1.34K,,0
	2026-03-02T01:13:22.3014727Z,Total bytes received: 70,,0
	2026-03-02T01:13:22.3136512Z,,,0
	2026-03-02T01:13:22.3209590Z,sent 1.34K bytes  received 70 bytes  940.00 bytes/sec,,0
	2026-03-02T01:13:22.3522729Z,total size is 23.18K  speedup is 16.44,,0
	2026-03-02T01:13:22.3726402Z,Attempt 1: Rsync for filelist /tmp//splits/split.ae completed with exit code 0,,0
	2026-03-02T01:13:22.3924945Z,Attempt 1: Rsync for filelist /tmp//splits/split.ac completed with exit code 0,,0
	2026-03-02T01:13:22.4044302Z,,,0
	2026-03-02T01:13:22.4143087Z,Number of files: 18 (reg: 15&comma; dir: 3),,0
	2026-03-02T01:13:22.4260767Z,Number of created files: 0,,0
	2026-03-02T01:13:22.4426448Z,Number of deleted files: 0,,0
	2026-03-02T01:13:22.4579811Z,Number of regular files transferred: 0,,0
	2026-03-02T01:13:22.4734048Z,Total file size: 14.95K bytes,,0
	2026-03-02T01:13:22.4878128Z,Total transferred file size: 0 bytes,,0
	2026-03-02T01:13:22.5028052Z,Literal data: 0 bytes,,0
	2026-03-02T01:13:22.5167203Z,Matched data: 0 bytes,,0
	2026-03-02T01:13:22.5340929Z,File list size: 0,,0
	2026-03-02T01:13:22.5448582Z,File list generation time: 0.116 seconds,,0
	2026-03-02T01:13:22.5629027Z,File list transfer time: 0.000 seconds,,0
	2026-03-02T01:13:22.5754795Z,Total bytes sent: 1.09K,,0
	2026-03-02T01:13:22.5927909Z,Total bytes received: 70,,0
	2026-03-02T01:13:22.6046679Z,,,0
	2026-03-02T01:13:22.6127809Z,sent 1.09K bytes  received 70 bytes  770.67 bytes/sec,,0
	2026-03-02T01:13:22.6289380Z,total size is 14.95K  speedup is 12.93,,0
	2026-03-02T01:13:22.6406630Z,Attempt 1: Rsync for filelist /tmp//splits/split.ab completed with exit code 0,,0
	2026-03-02T01:13:22.6580050Z,,,0
	2026-03-02T01:13:22.6728383Z,Number of files: 23 (reg: 15&comma; dir: 8),,0
	2026-03-02T01:13:22.6883215Z,Number of created files: 0,,0
	2026-03-02T01:13:22.7162105Z,Number of deleted files: 0,,0
	2026-03-02T01:13:22.7266789Z,Number of regular files transferred: 1,,0
	2026-03-02T01:13:22.7541285Z,Total file size: 104.72K bytes,,0
	2026-03-02T01:13:22.7666352Z,Total transferred file size: 2.00K bytes,,0
	2026-03-02T01:13:22.7850899Z,Literal data: 2.00K bytes,,0
	2026-03-02T01:13:22.8019478Z,Matched data: 0 bytes,,0
	2026-03-02T01:13:22.8421523Z,File list size: 0,,0
	2026-03-02T01:13:22.8711036Z,File list generation time: 0.068 seconds,,0
	2026-03-02T01:13:22.8828003Z,File list transfer time: 0.000 seconds,,0
	2026-03-02T01:13:22.9009887Z,Total bytes sent: 2.00K,,0
	2026-03-02T01:13:22.9197719Z,Total bytes received: 101,,0
	2026-03-02T01:13:22.9330077Z,,,0
	2026-03-02T01:13:22.9454624Z,sent 2.00K bytes  received 101 bytes  1.40K bytes/sec,,0
	2026-03-02T01:13:22.9594746Z,total size is 104.72K  speedup is 49.87,,0
	2026-03-02T01:13:22.9717324Z,Attempt 1: Rsync for filelist /tmp//splits/split.ag completed with exit code 0,,0
	2026-03-02T01:13:22.9916495Z,,,0
	2026-03-02T01:13:23.0062632Z,Number of files: 14 (reg: 11&comma; dir: 3),,0
	2026-03-02T01:13:23.0612337Z,Number of created files: 0,,0
	2026-03-02T01:13:23.0741771Z,Number of deleted files: 0,,0
	2026-03-02T01:13:23.0928661Z,Number of regular files transferred: 1,,0
	2026-03-02T01:13:23.1230864Z,Total file size: 8.27M bytes,,0
	2026-03-02T01:13:23.1403429Z,Total transferred file size: 8.16M bytes,,0
	2026-03-02T01:13:23.1530009Z,Literal data: 8.16M bytes,,0
	2026-03-02T01:13:23.1713194Z,Matched data: 0 bytes,,0
	2026-03-02T01:13:23.1893926Z,File list size: 0,,0
	2026-03-02T01:13:23.2001918Z,File list generation time: 0.001 seconds,,0
	2026-03-02T01:13:23.2207089Z,File list transfer time: 0.000 seconds,,0
	2026-03-02T01:13:23.2310816Z,Total bytes sent: 8.17M,,0
	2026-03-02T01:13:23.2419670Z,Total bytes received: 74,,0
	2026-03-02T01:13:23.2610169Z,,,0
	2026-03-02T01:13:23.2742076Z,sent 8.17M bytes  received 74 bytes  16.33M bytes/sec,,0
	2026-03-02T01:13:23.2901117Z,total size is 8.27M  speedup is 1.01,,0
	2026-03-02T01:13:23.3022668Z,Attempt 1: Rsync for filelist /tmp//splits/split.ah completed with exit code 0,,0
	2026-03-02T01:13:23.3311402Z,Completed successfully in 1 seconds,,0
2026-03-02T01:13:23.4574592Z,Rsync completed to /home/site/wwwroot,501c7eb5-4f00-477b-908b-d1290a868e82,0
2026-03-02T01:13:23.5968862Z,Manifest created at /home/site/wwwroot,6c978248-674f-4fba-ab3f-fcf7ac07e322,0
2026-03-02T01:13:23.7144698Z,Optimized build done with success: True,b6a4e5a6-339c-4569-a38c-c609afba747d,0
2026-03-02T01:13:23.8304176Z,Build completed succesfully.,6f404779-6dca-4a7f-a30f-efd84069d072,0
2026-03-02T01:13:23.9608592Z,Running post deployment command(s)...,8e4a9550-a50e-4144-a81e-c8011b3291c0,0
2026-03-02T01:13:24.1044277Z,Triggering container recycle for OneDeploy by adding/updating restartTrigger.txt to the site root path,180be48f-a90d-4218-8d2f-7ae89c8c1b1c,0
2026-03-02T01:13:24.2824980Z,Deployment successful. deployer = OneDeploy deploymentPath = OneDeploy,e4543718-6a37-40b6-80b6-4db2fc13e55b,0
